Archive member included to satisfy reference by file (symbol)

/usr/lib/gcc/arm-none-eabi/4.9.3/../../../arm-none-eabi/lib/armv7e-m/fpu/libg.a(lib_a-atexit.o)
                              /usr/lib/gcc/arm-none-eabi/4.9.3/../../../arm-none-eabi/lib/armv7e-m/fpu/crt0.o (atexit)
/usr/lib/gcc/arm-none-eabi/4.9.3/../../../arm-none-eabi/lib/armv7e-m/fpu/libg.a(lib_a-ctype_.o)
                              build/parser.o (__ctype_ptr__)
/usr/lib/gcc/arm-none-eabi/4.9.3/../../../arm-none-eabi/lib/armv7e-m/fpu/libg.a(lib_a-errno.o)
                              build/syscall.o (__errno)
/usr/lib/gcc/arm-none-eabi/4.9.3/../../../arm-none-eabi/lib/armv7e-m/fpu/libg.a(lib_a-exit.o)
                              /usr/lib/gcc/arm-none-eabi/4.9.3/../../../arm-none-eabi/lib/armv7e-m/fpu/crt0.o (exit)
/usr/lib/gcc/arm-none-eabi/4.9.3/../../../arm-none-eabi/lib/armv7e-m/fpu/libg.a(lib_a-fini.o)
                              /usr/lib/gcc/arm-none-eabi/4.9.3/../../../arm-none-eabi/lib/armv7e-m/fpu/crt0.o (__libc_fini_array)
/usr/lib/gcc/arm-none-eabi/4.9.3/../../../arm-none-eabi/lib/armv7e-m/fpu/libg.a(lib_a-impure.o)
                              /usr/lib/gcc/arm-none-eabi/4.9.3/../../../arm-none-eabi/lib/armv7e-m/fpu/libg.a(lib_a-exit.o) (_global_impure_ptr)
/usr/lib/gcc/arm-none-eabi/4.9.3/../../../arm-none-eabi/lib/armv7e-m/fpu/libg.a(lib_a-init.o)
                              /usr/lib/gcc/arm-none-eabi/4.9.3/../../../arm-none-eabi/lib/armv7e-m/fpu/crt0.o (__libc_init_array)
/usr/lib/gcc/arm-none-eabi/4.9.3/../../../arm-none-eabi/lib/armv7e-m/fpu/libg.a(lib_a-memset.o)
                              /usr/lib/gcc/arm-none-eabi/4.9.3/../../../arm-none-eabi/lib/armv7e-m/fpu/crt0.o (memset)
/usr/lib/gcc/arm-none-eabi/4.9.3/../../../arm-none-eabi/lib/armv7e-m/fpu/libg.a(lib_a-printf.o)
                              build/main.o (printf)
/usr/lib/gcc/arm-none-eabi/4.9.3/../../../arm-none-eabi/lib/armv7e-m/fpu/libg.a(lib_a-putchar.o)
                              build/parser.o (putchar)
/usr/lib/gcc/arm-none-eabi/4.9.3/../../../arm-none-eabi/lib/armv7e-m/fpu/libg.a(lib_a-puts.o)
                              build/main.o (puts)
/usr/lib/gcc/arm-none-eabi/4.9.3/../../../arm-none-eabi/lib/armv7e-m/fpu/libg.a(lib_a-setvbuf.o)
                              build/terminal.o (setvbuf)
/usr/lib/gcc/arm-none-eabi/4.9.3/../../../arm-none-eabi/lib/armv7e-m/fpu/libg.a(lib_a-strcasecmp.o)
                              build/parser.o (strcasecmp)
/usr/lib/gcc/arm-none-eabi/4.9.3/../../../arm-none-eabi/lib/armv7e-m/fpu/libg.a(lib_a-strcpy.o)
                              build/parser.o (strcpy)
/usr/lib/gcc/arm-none-eabi/4.9.3/../../../arm-none-eabi/lib/armv7e-m/fpu/libg.a(lib_a-strlen.o)
                              build/parser.o (strlen)
/usr/lib/gcc/arm-none-eabi/4.9.3/../../../arm-none-eabi/lib/armv7e-m/fpu/libg.a(lib_a-strtok.o)
                              build/parser.o (strtok)
/usr/lib/gcc/arm-none-eabi/4.9.3/../../../arm-none-eabi/lib/armv7e-m/fpu/libg.a(lib_a-strtok_r.o)
                              /usr/lib/gcc/arm-none-eabi/4.9.3/../../../arm-none-eabi/lib/armv7e-m/fpu/libg.a(lib_a-strtok.o) (__strtok_r)
/usr/lib/gcc/arm-none-eabi/4.9.3/../../../arm-none-eabi/lib/armv7e-m/fpu/libg.a(lib_a-strtol.o)
                              build/parser.o (strtol)
/usr/lib/gcc/arm-none-eabi/4.9.3/../../../arm-none-eabi/lib/armv7e-m/fpu/libg.a(lib_a-strtoul.o)
                              build/parser.o (strtoul)
/usr/lib/gcc/arm-none-eabi/4.9.3/../../../arm-none-eabi/lib/armv7e-m/fpu/libg.a(lib_a-vfprintf.o)
                              /usr/lib/gcc/arm-none-eabi/4.9.3/../../../arm-none-eabi/lib/armv7e-m/fpu/libg.a(lib_a-printf.o) (_vfprintf_r)
/usr/lib/gcc/arm-none-eabi/4.9.3/../../../arm-none-eabi/lib/armv7e-m/fpu/libg.a(lib_a-wsetup.o)
                              /usr/lib/gcc/arm-none-eabi/4.9.3/../../../arm-none-eabi/lib/armv7e-m/fpu/libg.a(lib_a-vfprintf.o) (__swsetup_r)
/usr/lib/gcc/arm-none-eabi/4.9.3/../../../arm-none-eabi/lib/armv7e-m/fpu/libg.a(lib_a-__atexit.o)
                              /usr/lib/gcc/arm-none-eabi/4.9.3/../../../arm-none-eabi/lib/armv7e-m/fpu/libg.a(lib_a-atexit.o) (__register_exitproc)
/usr/lib/gcc/arm-none-eabi/4.9.3/../../../arm-none-eabi/lib/armv7e-m/fpu/libg.a(lib_a-__call_atexit.o)
                              /usr/lib/gcc/arm-none-eabi/4.9.3/../../../arm-none-eabi/lib/armv7e-m/fpu/libg.a(lib_a-exit.o) (__call_exitprocs)
/usr/lib/gcc/arm-none-eabi/4.9.3/../../../arm-none-eabi/lib/armv7e-m/fpu/libg.a(lib_a-dtoa.o)
                              /usr/lib/gcc/arm-none-eabi/4.9.3/../../../arm-none-eabi/lib/armv7e-m/fpu/libg.a(lib_a-vfprintf.o) (_dtoa_r)
/usr/lib/gcc/arm-none-eabi/4.9.3/../../../arm-none-eabi/lib/armv7e-m/fpu/libg.a(lib_a-fflush.o)
                              /usr/lib/gcc/arm-none-eabi/4.9.3/../../../arm-none-eabi/lib/armv7e-m/fpu/libg.a(lib_a-setvbuf.o) (_fflush_r)
/usr/lib/gcc/arm-none-eabi/4.9.3/../../../arm-none-eabi/lib/armv7e-m/fpu/libg.a(lib_a-findfp.o)
[...]
Memory Configuration

Name             Origin             Length             Attributes
FLASH            0x0000000008000000 0x0000000000040000 xr
RAM              0x0000000020000000 0x000000000000a000 xrw
CCMRAM           0x0000000010000000 0x0000000000002000 rw
*default*        0x0000000000000000 0xffffffffffffffff

Linker script and memory map

LOAD /usr/lib/gcc/arm-none-eabi/4.9.3/armv7e-m/fpu/crti.o
LOAD /usr/lib/gcc/arm-none-eabi/4.9.3/armv7e-m/fpu/crtbegin.o
LOAD /usr/lib/gcc/arm-none-eabi/4.9.3/../../../arm-none-eabi/lib/armv7e-m/fpu/crt0.o
LOAD build/main.o
LOAD build/mycode.o
LOAD build/mytest.o
LOAD build/simple_task.o
LOAD build/task_executive1.o
LOAD build/task_test1.o
LOAD build/monitor.o
LOAD build/parser.o
LOAD build/dump.o
LOAD build/syscall.o
LOAD build/terminal.o
LOAD build/decoder/decoder.o
LOAD build/decoder/STM32F30x_decoder.o
LOAD build/Drivers/CMSIS/Device/ST/STM32F3xx/Source/Templates/system_stm32f3xx.o
LOAD build/Drivers/STM32F3xx_HAL_Driver/Src/stm32f3xx_hal_rcc.o
LOAD build/Drivers/STM32F3xx_HAL_Driver/Src/stm32f3xx_hal.o
LOAD build/Drivers/STM32F3xx_HAL_Driver/Src/stm32f3xx_hal_cortex.o
LOAD build/Drivers/STM32F3xx_HAL_Driver/Src/stm32f3xx_hal_uart.o
LOAD build/Drivers/STM32F3xx_HAL_Driver/Src/stm32f3xx_hal_gpio.o
LOAD build/Drivers/STM32F3xx_HAL_Driver/Src/stm32f3xx_hal_pcd.o
LOAD build/Drivers/STM32F3xx_HAL_Driver/Src/stm32f3xx_hal_pcd_ex.o
LOAD build/Drivers/STM32F3xx_HAL_Driver/Src/stm32f3xx_hal_i2c.o
LOAD build/Drivers/STM32F3xx_HAL_Driver/Src/stm32f3xx_hal_spi.o
LOAD build/Drivers/STM32_USB_Device_Library/Core/Src/usbd_core.o
LOAD build/Drivers/STM32_USB_Device_Library/Core/Src/usbd_ctlreq.o
LOAD build/Drivers/STM32_USB_Device_Library/Core/Src/usbd_ioreq.o
LOAD build/Drivers/STM32_USB_Device_Library/Class/CDC/Src/usbd_cdc.o
LOAD build/usbd_conf.o
LOAD build/usbd_desc.o
LOAD build/usbd_cdc_interface.o
LOAD build/Drivers/BSP/STM32F3-Discovery/stm32f3_discovery.o
LOAD build/Drivers/BSP/STM32F3-Discovery/stm32f3_discovery_accelerometer.o
LOAD build/Drivers/BSP/STM32F3-Discovery/stm32f3_discovery_gyroscope.o
LOAD build/Drivers/BSP/Components/lsm303dlhc/lsm303dlhc.o
LOAD build/Drivers/BSP/Components/l3gd20/l3gd20.o
LOAD build/Drivers/CMSIS/Device/ST/STM32F3xx/Source/Templates/gcc/startup_stm32f303xc.o
START GROUP
LOAD /usr/lib/gcc/arm-none-eabi/4.9.3/armv7e-m/fpu/libgcc.a
LOAD /usr/lib/gcc/arm-none-eabi/4.9.3/../../../arm-none-eabi/lib/armv7e-m/fpu/libg.a
LOAD /usr/lib/gcc/arm-none-eabi/4.9.3/../../../arm-none-eabi/lib/armv7e-m/fpu/libc.a
END GROUP
LOAD /usr/lib/gcc/arm-none-eabi/4.9.3/armv7e-m/fpu/crtend.o
LOAD /usr/lib/gcc/arm-none-eabi/4.9.3/armv7e-m/fpu/crtn.o
                0x0000000020007fff                _estack = 0x20007fff
                0x0000000000000200                _Min_Heap_Size = 0x200
                0x0000000000000400                _Min_Stack_Size = 0x400

.isr_vector     0x0000000008000000      0x188
                0x0000000008000000                . = ALIGN (0x4)
 *(.isr_vector)
 .isr_vector    0x0000000008000000      0x188 build/Drivers/CMSIS/Device/ST/STM32F3xx/Source/Templates/gcc/startup_stm32f303xc.o
                0x0000000008000000                g_pfnVectors
                0x0000000008000188                . = ALIGN (0x4)

.text           0x0000000008000188     0xa5fc
                0x0000000008000188                . = ALIGN (0x4)
 *(.text)
 .text          0x0000000008000188       0xa4 /usr/lib/gcc/arm-none-eabi/4.9.3/armv7e-m/fpu/crtbegin.o
 .text          0x000000000800022c       0x38 build/mycode.o
                0x000000000800022c                mytest
                0x0000000008000244                my_Tick
                0x0000000008000258                my_Loop
                0x000000000800025c                my_Init
 .text          0x0000000008000264      0x134 /usr/lib/gcc/arm-none-eabi/4.9.3/../../../arm-none-eabi/lib/armv7e-m/fpu/libg.a(lib_a-memcpy.o)
                0x0000000008000264                memcpy
 .text          0x0000000008000398      0x370 /usr/lib/gcc/arm-none-eabi/4.9.3/armv7e-m/fpu/libgcc.a(_arm_addsubdf3.o)
                0x0000000008000398                __aeabi_drsub
                0x00000000080003a0                __aeabi_dsub
                0x00000000080003a0                __subdf3
                0x00000000080003a4                __adddf3
                0x00000000080003a4                __aeabi_dadd
                0x000000000800061c                __aeabi_ui2d
                0x000000000800061c                __floatunsidf
                0x000000000800063c                __floatsidf
                0x000000000800063c                __aeabi_i2d
                0x0000000008000660                __extendsfdf2
                0x0000000008000660                __aeabi_f2d
                0x000000000800069c                __aeabi_ul2d
                0x000000000800069c                __floatundidf
                0x00000000080006ac                __floatdidf
                0x00000000080006ac                __aeabi_l2d
 .text          0x0000000008000708      0x424 /usr/lib/gcc/arm-none-eabi/4.9.3/armv7e-m/fpu/libgcc.a(_arm_muldivdf3.o)
                0x0000000008000708                __aeabi_dmul
                0x0000000008000708                __muldf3
                0x000000000800095c                __aeabi_ddiv
                0x000000000800095c                __divdf3
 .text          0x0000000008000b2c      0x110 /usr/lib/gcc/arm-none-eabi/4.9.3/armv7e-m/fpu/libgcc.a(_arm_cmpdf2.o)
                0x0000000008000b2c                __gtdf2
                0x0000000008000b2c                __gedf2
                0x0000000008000b34                __ltdf2
                0x0000000008000b34                __ledf2
                0x0000000008000b3c                __cmpdf2
                0x0000000008000b3c                __eqdf2
                0x0000000008000b3c                __nedf2
                0x0000000008000bb8                __aeabi_cdrcmple
                0x0000000008000bc8                __aeabi_cdcmple
                0x0000000008000bc8                __aeabi_cdcmpeq
                0x0000000008000bd8                __aeabi_dcmpeq
                0x0000000008000bec                __aeabi_dcmplt
                0x0000000008000c00                __aeabi_dcmple
                0x0000000008000c14                __aeabi_dcmpge
                0x0000000008000c28                __aeabi_dcmpgt
 .text          0x0000000008000c3c       0x50 /usr/lib/gcc/arm-none-eabi/4.9.3/armv7e-m/fpu/libgcc.a(_arm_fixdfsi.o)
                0x0000000008000c3c                __fixdfsi
                0x0000000008000c3c                __aeabi_d2iz
 .text          0x0000000008000c8c       0x30 /usr/lib/gcc/arm-none-eabi/4.9.3/armv7e-m/fpu/libgcc.a(_aeabi_uldivmod.o)
                0x0000000008000c8c                __aeabi_uldivmod
 .text          0x0000000008000cbc       0x60 /usr/lib/gcc/arm-none-eabi/4.9.3/armv7e-m/fpu/libgcc.a(bpabi.o)
                0x0000000008000cbc                __gnu_ldivmod_helper
                0x0000000008000cec                __gnu_uldivmod_helper
 .text          0x0000000008000d1c        0x4 /usr/lib/gcc/arm-none-eabi/4.9.3/armv7e-m/fpu/libgcc.a(_dvmd_tls.o)
                0x0000000008000d1c                __aeabi_ldiv0
                0x0000000008000d1c                __aeabi_idiv0
 .text          0x0000000008000d20      0x29c /usr/lib/gcc/arm-none-eabi/4.9.3/armv7e-m/fpu/libgcc.a(_divdi3.o)
                0x0000000008000d20                __divdi3
 .text          0x0000000008000fbc      0x26c /usr/lib/gcc/arm-none-eabi/4.9.3/armv7e-m/fpu/libgcc.a(_udivdi3.o)
                0x0000000008000fbc                __udivdi3
 *(.text*)
 .text.CmdLED   0x0000000008001228       0x5c build/main.o
                0x0000000008001228                CmdLED
 .text.CmdAccel
                0x0000000008001284       0x28 build/main.o
                0x0000000008001284                CmdAccel
 .text.CmdGyro  0x00000000080012ac       0x54 build/main.o
                0x00000000080012ac                CmdGyro
 .text.CmdButton
                0x0000000008001300       0x2c build/main.o
                0x0000000008001300                CmdButton
 .text.Error_Handler
                0x000000000800132c        0xa build/main.o
                0x000000000800132c                Error_Handler
 *fill*         0x0000000008001336        0x2 
 .text.startup.main
                0x0000000008001338       0x90 build/main.o
                0x0000000008001338                main
 .text.SysTick_Handler
                0x00000000080013c8        0x4 build/main.o
                0x00000000080013c8                SysTick_Handler
 .text.CmdTest  0x00000000080013cc       0x30 build/mytest.o
                0x00000000080013cc                CmdTest
 .text.CmdCount
                0x00000000080013fc       0x10 build/simple_task.o
                0x00000000080013fc                CmdCount
 .text.taskCounter
                0x000000000800140c       0x20 build/simple_task.o
                0x000000000800140c                taskCounter
 .text.TaskNull
                0x000000000800142c        0x2 build/task_executive1.o
 *fill*         0x000000000800142e        0x2 
 .text.TaskInit
                0x0000000008001430       0x2c build/task_executive1.o
                0x0000000008001430                TaskInit
 .text.TaskKill
                0x000000000800145c       0x3c build/task_executive1.o
                0x000000000800145c                TaskKill
 .text.TaskAdd  0x0000000008001498       0x70 build/task_executive1.o
                0x0000000008001498                TaskAdd
 .text.TaskSwitcher
                0x0000000008001508       0x80 build/task_executive1.o
                0x0000000008001508                TaskSwitcher
 .text.TaskShell
                0x0000000008001588       0x24 build/task_executive1.o
 .text.Task1    0x00000000080015ac       0x20 build/task_test1.o
                0x00000000080015ac                Task1
 .text.Task2    0x00000000080015cc       0x20 build/task_test1.o
                0x00000000080015cc                Task2
 .text.Task3    0x00000000080015ec       0x20 build/task_test1.o
                0x00000000080015ec                Task3
 .text.Task4    0x000000000800160c       0x20 build/task_test1.o
                0x000000000800160c                Task4
 .text.CmdTaskswitcher
                0x000000000800162c       0x14 build/task_test1.o
                0x000000000800162c                CmdTaskswitcher
 .text.CmdTaskinit
                0x0000000008001640       0x14 build/task_test1.o
                0x0000000008001640                CmdTaskinit
 .text.CmdTaskadd
                0x0000000008001654       0x40 build/task_test1.o
                0x0000000008001654                CmdTaskadd
 .text.CmdW     0x0000000008001694       0x1c build/monitor.o
                0x0000000008001694                CmdW
 .text.CmdR     0x00000000080016b0       0x20 build/monitor.o
                0x00000000080016b0                CmdR
 .text.parse    0x00000000080016d0      0x104 build/parser.o
                0x00000000080016d0                parse
 .text.TaskInput
                0x00000000080017d4      0x12c build/parser.o
                0x00000000080017d4                TaskInput
 .text.fetch_uint32_arg
                0x0000000008001900       0x28 build/parser.o
                0x0000000008001900                fetch_uint32_arg
 .text.fetch_string_arg
                0x0000000008001928       0x20 build/parser.o
                0x0000000008001928                fetch_string_arg
 .text.DumpBuffer
                0x0000000008001948       0xb4 build/dump.o
                0x0000000008001948                DumpBuffer
 .text.CmdDump  0x00000000080019fc       0x54 build/dump.o
                0x00000000080019fc                CmdDump
 .text._sbrk_r  0x0000000008001a50       0x34 build/syscall.o
                0x0000000008001a50                _sbrk_r
 .text._close_r
                0x0000000008001a84        0x6 build/syscall.o
                0x0000000008001a84                _close_r
 .text._fstat_r
                0x0000000008001a8a        0xa build/syscall.o
                0x0000000008001a8a                _fstat_r
 .text._isatty_r
                0x0000000008001a94        0x4 build/syscall.o
                0x0000000008001a94                _isatty_r
 .text._lseek_r
                0x0000000008001a98        0x4 build/syscall.o
                0x0000000008001a98                _lseek_r
 .text.USBD_CDC_DataIn
                0x0000000008001a9c       0x80 build/terminal.o
 .text.CmdStats
                0x0000000008001b1c       0x54 build/terminal.o
                0x0000000008001b1c                CmdStats
 .text.TerminalInit
                0x0000000008001b70       0x7c build/terminal.o
                0x0000000008001b70                TerminalInit
 .text.TerminalRead
                0x0000000008001bec       0x4c build/terminal.o
                0x0000000008001bec                TerminalRead
 .text._read_r  0x0000000008001c38        0xa build/terminal.o
                0x0000000008001c38                _read_r
 .text.TerminalReadNonBlock
                0x0000000008001c42       0x10 build/terminal.o
                0x0000000008001c42                TerminalReadNonBlock
 .text.TerminalReadAnyNonBlock
                0x0000000008001c52       0x12 build/terminal.o
                0x0000000008001c52                TerminalReadAnyNonBlock
 .text.TerminalOutputBufferWrite
                0x0000000008001c64       0xe8 build/terminal.o
                0x0000000008001c64                TerminalOutputBufferWrite
 .text._write_r
                0x0000000008001d4c       0x38 build/terminal.o
                0x0000000008001d4c                _write_r
 .text.TerminalInputBufferWrite
                0x0000000008001d84       0x70 build/terminal.o
                0x0000000008001d84                TerminalInputBufferWrite
 .text.USB_LP_CAN_RX0_IRQHandler
                0x0000000008001df4        0xc build/terminal.o
                0x0000000008001df4                USB_LP_CAN_RX0_IRQHandler
 .text.DecodeReadRegister
                0x0000000008001e00       0x40 build/decoder/decoder.o
                0x0000000008001e00                DecodeReadRegister
 .text.DecodeWriteRegister
                0x0000000008001e40       0x3c build/decoder/decoder.o
                0x0000000008001e40                DecodeWriteRegister
 .text.DecodeField
                0x0000000008001e7c       0x40 build/decoder/decoder.o
                0x0000000008001e7c                DecodeField
 .text.DecodeRegister
                0x0000000008001ebc       0x4c build/decoder/decoder.o
                0x0000000008001ebc                DecodeRegister
 .text.DecodePeripheral
                0x0000000008001f08       0x3c build/decoder/decoder.o
                0x0000000008001f08                DecodePeripheral
 .text.DecodePrintPeripherals
                0x0000000008001f44       0x44 build/decoder/decoder.o
                0x0000000008001f44                DecodePrintPeripherals
 .text.DecodePrintRegisters
                0x0000000008001f88       0x48 build/decoder/decoder.o
                0x0000000008001f88                DecodePrintRegisters
 .text.CmdDecode
                0x0000000008001fd0      0x1e4 build/decoder/decoder.o
                0x0000000008001fd0                CmdDecode
 .text.SystemInit
                0x00000000080021b4       0x68 build/Drivers/CMSIS/Device/ST/STM32F3xx/Source/Templates/system_stm32f3xx.o
                0x00000000080021b4                SystemInit
 .text.HAL_RCC_OscConfig
                0x000000000800221c      0x5d4 build/Drivers/STM32F3xx_HAL_Driver/Src/stm32f3xx_hal_rcc.o
                0x000000000800221c                HAL_RCC_OscConfig
 .text.HAL_RCC_ClockConfig
                0x00000000080027f0      0x2cc build/Drivers/STM32F3xx_HAL_Driver/Src/stm32f3xx_hal_rcc.o
                0x00000000080027f0                HAL_RCC_ClockConfig
 .text.HAL_RCC_GetSysClockFreq
                0x0000000008002abc       0x6c build/Drivers/STM32F3xx_HAL_Driver/Src/stm32f3xx_hal_rcc.o
                0x0000000008002abc                HAL_RCC_GetSysClockFreq
 .text.HAL_RCC_GetHCLKFreq
                0x0000000008002b28       0x38 build/Drivers/STM32F3xx_HAL_Driver/Src/stm32f3xx_hal_rcc.o
                0x0000000008002b28                HAL_RCC_GetHCLKFreq
 .text.HAL_MspInit
                0x0000000008002b60        0x2 build/Drivers/STM32F3xx_HAL_Driver/Src/stm32f3xx_hal.o
                0x0000000008002b60                HAL_MspInit
 .text.HAL_InitTick
                0x0000000008002b62       0x24 build/Drivers/STM32F3xx_HAL_Driver/Src/stm32f3xx_hal.o
                0x0000000008002b62                HAL_InitTick
 *fill*         0x0000000008002b86        0x2 
 .text.HAL_Init
                0x0000000008002b88       0x24 build/Drivers/STM32F3xx_HAL_Driver/Src/stm32f3xx_hal.o
                0x0000000008002b88                HAL_Init
 .text.HAL_IncTick
                0x0000000008002bac       0x10 build/Drivers/STM32F3xx_HAL_Driver/Src/stm32f3xx_hal.o
                0x0000000008002bac                HAL_IncTick
 .text.HAL_GetTick
                0x0000000008002bbc        0xc build/Drivers/STM32F3xx_HAL_Driver/Src/stm32f3xx_hal.o
                0x0000000008002bbc                HAL_GetTick
 .text.HAL_Delay
                0x0000000008002bc8       0x1a build/Drivers/STM32F3xx_HAL_Driver/Src/stm32f3xx_hal.o
                0x0000000008002bc8                HAL_Delay
 *fill*         0x0000000008002be2        0x2 
 .text.HAL_NVIC_SetPriorityGrouping
                0x0000000008002be4       0x24 build/Drivers/STM32F3xx_HAL_Driver/Src/stm32f3xx_hal_cortex.o
                0x0000000008002be4                HAL_NVIC_SetPriorityGrouping
 .text.HAL_NVIC_SetPriority
                0x0000000008002c08       0x60 build/Drivers/STM32F3xx_HAL_Driver/Src/stm32f3xx_hal_cortex.o
                0x0000000008002c08                HAL_NVIC_SetPriority
 .text.HAL_NVIC_EnableIRQ
                0x0000000008002c68       0x18 build/Drivers/STM32F3xx_HAL_Driver/Src/stm32f3xx_hal_cortex.o
                0x0000000008002c68                HAL_NVIC_EnableIRQ
 .text.HAL_SYSTICK_Config
                0x0000000008002c80       0x2c build/Drivers/STM32F3xx_HAL_Driver/Src/stm32f3xx_hal_cortex.o
                0x0000000008002c80                HAL_SYSTICK_Config
 .text.HAL_GPIO_Init
                0x0000000008002cac      0x188 build/Drivers/STM32F3xx_HAL_Driver/Src/stm32f3xx_hal_gpio.o
                0x0000000008002cac                HAL_GPIO_Init
 .text.HAL_GPIO_ReadPin
                0x0000000008002e34        0xc build/Drivers/STM32F3xx_HAL_Driver/Src/stm32f3xx_hal_gpio.o
                0x0000000008002e34                HAL_GPIO_ReadPin
 .text.HAL_GPIO_WritePin
                0x0000000008002e40        0xa build/Drivers/STM32F3xx_HAL_Driver/Src/stm32f3xx_hal_gpio.o
                0x0000000008002e40                HAL_GPIO_WritePin
 .text.HAL_GPIO_TogglePin
                0x0000000008002e4a        0x8 build/Drivers/STM32F3xx_HAL_Driver/Src/stm32f3xx_hal_gpio.o
                0x0000000008002e4a                HAL_GPIO_TogglePin
 .text.HAL_PCD_Init
                0x0000000008002e52       0x9a build/Drivers/STM32F3xx_HAL_Driver/Src/stm32f3xx_hal_pcd.o
                0x0000000008002e52                HAL_PCD_Init
 .text.HAL_PCD_Start
                0x0000000008002eec        0xc build/Drivers/STM32F3xx_HAL_Driver/Src/stm32f3xx_hal_pcd.o
                0x0000000008002eec                HAL_PCD_Start
 .text.HAL_PCD_SetAddress
                0x0000000008002ef8       0x2c build/Drivers/STM32F3xx_HAL_Driver/Src/stm32f3xx_hal_pcd.o
                0x0000000008002ef8                HAL_PCD_SetAddress
 .text.HAL_PCD_EP_Open
                0x0000000008002f24      0x338 build/Drivers/STM32F3xx_HAL_Driver/Src/stm32f3xx_hal_pcd.o
                0x0000000008002f24                HAL_PCD_EP_Open
 .text.HAL_PCD_EP_Close
                0x000000000800325c      0x1b0 build/Drivers/STM32F3xx_HAL_Driver/Src/stm32f3xx_hal_pcd.o
                0x000000000800325c                HAL_PCD_EP_Close
 .text.HAL_PCD_EP_Receive
                0x000000000800340c       0xf4 build/Drivers/STM32F3xx_HAL_Driver/Src/stm32f3xx_hal_pcd.o
                0x000000000800340c                HAL_PCD_EP_Receive
 .text.HAL_PCD_EP_GetRxCount
                0x0000000008003500       0x10 build/Drivers/STM32F3xx_HAL_Driver/Src/stm32f3xx_hal_pcd.o
                0x0000000008003500                HAL_PCD_EP_GetRxCount
 .text.HAL_PCD_EP_Transmit
                0x0000000008003510      0x182 build/Drivers/STM32F3xx_HAL_Driver/Src/stm32f3xx_hal_pcd.o
                0x0000000008003510                HAL_PCD_EP_Transmit
 .text.HAL_PCD_IRQHandler
                0x0000000008003692      0x4a6 build/Drivers/STM32F3xx_HAL_Driver/Src/stm32f3xx_hal_pcd.o
                0x0000000008003692                HAL_PCD_IRQHandler
 .text.HAL_PCD_EP_SetStall
                0x0000000008003b38       0xa2 build/Drivers/STM32F3xx_HAL_Driver/Src/stm32f3xx_hal_pcd.o
                0x0000000008003b38                HAL_PCD_EP_SetStall
 .text.HAL_PCD_EP_ClrStall
                0x0000000008003bda       0xc8 build/Drivers/STM32F3xx_HAL_Driver/Src/stm32f3xx_hal_pcd.o
                0x0000000008003bda                HAL_PCD_EP_ClrStall
 .text.HAL_PCDEx_PMAConfig
                0x0000000008003ca2       0x34 build/Drivers/STM32F3xx_HAL_Driver/Src/stm32f3xx_hal_pcd_ex.o
                0x0000000008003ca2                HAL_PCDEx_PMAConfig
 .text.PCD_WritePMA
                0x0000000008003cd6       0x2e build/Drivers/STM32F3xx_HAL_Driver/Src/stm32f3xx_hal_pcd_ex.o
                0x0000000008003cd6                PCD_WritePMA
 .text.PCD_ReadPMA
                0x0000000008003d04       0x22 build/Drivers/STM32F3xx_HAL_Driver/Src/stm32f3xx_hal_pcd_ex.o
                0x0000000008003d04                PCD_ReadPMA
 .text.HAL_PCDEx_SetConnectionState
                0x0000000008003d26        0x2 build/Drivers/STM32F3xx_HAL_Driver/Src/stm32f3xx_hal_pcd_ex.o
                0x0000000008003d26                HAL_PCDEx_SetConnectionState
 .text.I2C_TransferConfig
                0x0000000008003d28       0x2a build/Drivers/STM32F3xx_HAL_Driver/Src/stm32f3xx_hal_i2c.o
 *fill*         0x0000000008003d52        0x2 
 .text.I2C_IsAcknowledgeFailed
                0x0000000008003d54       0x90 build/Drivers/STM32F3xx_HAL_Driver/Src/stm32f3xx_hal_i2c.o
 .text.I2C_WaitOnFlagUntilTimeout
                0x0000000008003de4       0x68 build/Drivers/STM32F3xx_HAL_Driver/Src/stm32f3xx_hal_i2c.o
 .text.I2C_WaitOnTXISFlagUntilTimeout
                0x0000000008003e4c       0x54 build/Drivers/STM32F3xx_HAL_Driver/Src/stm32f3xx_hal_i2c.o
 .text.I2C_RequestMemoryWrite
                0x0000000008003ea0       0x64 build/Drivers/STM32F3xx_HAL_Driver/Src/stm32f3xx_hal_i2c.o
 .text.I2C_RequestMemoryRead
                0x0000000008003f04       0x62 build/Drivers/STM32F3xx_HAL_Driver/Src/stm32f3xx_hal_i2c.o
 .text.I2C_WaitOnSTOPFlagUntilTimeout
                0x0000000008003f66       0x50 build/Drivers/STM32F3xx_HAL_Driver/Src/stm32f3xx_hal_i2c.o
 .text.HAL_I2C_MspInit
                0x0000000008003fb6        0x2 build/Drivers/STM32F3xx_HAL_Driver/Src/stm32f3xx_hal_i2c.o
                0x0000000008003fb6                HAL_I2C_MspInit
 .text.HAL_I2C_Init
                0x0000000008003fb8       0x90 build/Drivers/STM32F3xx_HAL_Driver/Src/stm32f3xx_hal_i2c.o
                0x0000000008003fb8                HAL_I2C_Init
 .text.HAL_I2C_MspDeInit
                0x0000000008004048        0x2 build/Drivers/STM32F3xx_HAL_Driver/Src/stm32f3xx_hal_i2c.o
                0x0000000008004048                HAL_I2C_MspDeInit
 .text.HAL_I2C_DeInit
                0x000000000800404a       0x2e build/Drivers/STM32F3xx_HAL_Driver/Src/stm32f3xx_hal_i2c.o
                0x000000000800404a                HAL_I2C_DeInit
 .text.HAL_I2C_Mem_Write
                0x0000000008004078       0xf8 build/Drivers/STM32F3xx_HAL_Driver/Src/stm32f3xx_hal_i2c.o
                0x0000000008004078                HAL_I2C_Mem_Write
 .text.HAL_I2C_Mem_Read
                0x0000000008004170      0x104 build/Drivers/STM32F3xx_HAL_Driver/Src/stm32f3xx_hal_i2c.o
                0x0000000008004170                HAL_I2C_Mem_Read
 .text.HAL_I2C_GetState
                0x0000000008004274        0x6 build/Drivers/STM32F3xx_HAL_Driver/Src/stm32f3xx_hal_i2c.o
                0x0000000008004274                HAL_I2C_GetState
 .text.SPI_WaitFlagStateUntilTimeout
                0x000000000800427a       0x8c build/Drivers/STM32F3xx_HAL_Driver/Src/stm32f3xx_hal_spi.o
 .text.SPI_WaitFifoStateUntilTimeout
                0x0000000008004306       0x9c build/Drivers/STM32F3xx_HAL_Driver/Src/stm32f3xx_hal_spi.o
 .text.SPI_EndRxTxTransaction
                0x00000000080043a2       0x42 build/Drivers/STM32F3xx_HAL_Driver/Src/stm32f3xx_hal_spi.o
 .text.HAL_SPI_MspInit
                0x00000000080043e4        0x2 build/Drivers/STM32F3xx_HAL_Driver/Src/stm32f3xx_hal_spi.o
                0x00000000080043e4                HAL_SPI_MspInit
 .text.HAL_SPI_Init
                0x00000000080043e6       0xa6 build/Drivers/STM32F3xx_HAL_Driver/Src/stm32f3xx_hal_spi.o
                0x00000000080043e6                HAL_SPI_Init
 .text.HAL_SPI_MspDeInit
                0x000000000800448c        0x2 build/Drivers/STM32F3xx_HAL_Driver/Src/stm32f3xx_hal_spi.o
                0x000000000800448c                HAL_SPI_MspDeInit
 .text.HAL_SPI_DeInit
                0x000000000800448e       0x2e build/Drivers/STM32F3xx_HAL_Driver/Src/stm32f3xx_hal_spi.o
                0x000000000800448e                HAL_SPI_DeInit
 .text.HAL_SPI_TransmitReceive
                0x00000000080044bc      0x29a build/Drivers/STM32F3xx_HAL_Driver/Src/stm32f3xx_hal_spi.o
                0x00000000080044bc                HAL_SPI_TransmitReceive
 .text.HAL_SPI_GetState
                0x0000000008004756        0x6 build/Drivers/STM32F3xx_HAL_Driver/Src/stm32f3xx_hal_spi.o
                0x0000000008004756                HAL_SPI_GetState
 .text.USBD_Init
                0x000000000800475c       0x2a build/Drivers/STM32_USB_Device_Library/Core/Src/usbd_core.o
                0x000000000800475c                USBD_Init
 .text.USBD_RegisterClass
                0x0000000008004786        0xe build/Drivers/STM32_USB_Device_Library/Core/Src/usbd_core.o
                0x0000000008004786                USBD_RegisterClass
 .text.USBD_Start
                0x0000000008004794        0xa build/Drivers/STM32_USB_Device_Library/Core/Src/usbd_core.o
                0x0000000008004794                USBD_Start
 .text.USBD_SetClassConfig
                0x000000000800479e       0x16 build/Drivers/STM32_USB_Device_Library/Core/Src/usbd_core.o
                0x000000000800479e                USBD_SetClassConfig
 .text.USBD_ClrClassConfig
                0x00000000080047b4        0xe build/Drivers/STM32_USB_Device_Library/Core/Src/usbd_core.o
                0x00000000080047b4                USBD_ClrClassConfig
 .text.USBD_LL_SetupStage
                0x00000000080047c2       0x5a build/Drivers/STM32_USB_Device_Library/Core/Src/usbd_core.o
                0x00000000080047c2                USBD_LL_SetupStage
 .text.USBD_LL_DataOutStage
                0x000000000800481c       0x60 build/Drivers/STM32_USB_Device_Library/Core/Src/usbd_core.o
                0x000000000800481c                USBD_LL_DataOutStage
 .text.USBD_LL_DataInStage
                0x000000000800487c       0x88 build/Drivers/STM32_USB_Device_Library/Core/Src/usbd_core.o
                0x000000000800487c                USBD_LL_DataInStage
 .text.USBD_LL_Reset
                0x0000000008004904       0x3e build/Drivers/STM32_USB_Device_Library/Core/Src/usbd_core.o
                0x0000000008004904                USBD_LL_Reset
 .text.USBD_LL_SetSpeed
                0x0000000008004942        0x6 build/Drivers/STM32_USB_Device_Library/Core/Src/usbd_core.o
                0x0000000008004942                USBD_LL_SetSpeed
 .text.USBD_LL_SOF
                0x0000000008004948       0x18 build/Drivers/STM32_USB_Device_Library/Core/Src/usbd_core.o
                0x0000000008004948                USBD_LL_SOF
 .text.USBD_ParseSetupRequest
                0x0000000008004960       0x28 build/Drivers/STM32_USB_Device_Library/Core/Src/usbd_ctlreq.o
                0x0000000008004960                USBD_ParseSetupRequest
 .text.USBD_CtlError
                0x0000000008004988       0x16 build/Drivers/STM32_USB_Device_Library/Core/Src/usbd_ctlreq.o
                0x0000000008004988                USBD_CtlError
 *fill*         0x000000000800499e        0x2 
 .text.USBD_StdDevReq
                0x00000000080049a0      0x218 build/Drivers/STM32_USB_Device_Library/Core/Src/usbd_ctlreq.o
                0x00000000080049a0                USBD_StdDevReq
 .text.USBD_StdItfReq
                0x0000000008004bb8       0x30 build/Drivers/STM32_USB_Device_Library/Core/Src/usbd_ctlreq.o
                0x0000000008004bb8                USBD_StdItfReq
 .text.USBD_StdEPReq
                0x0000000008004be8       0xb2 build/Drivers/STM32_USB_Device_Library/Core/Src/usbd_ctlreq.o
                0x0000000008004be8                USBD_StdEPReq
 .text.USBD_GetString
                0x0000000008004c9a       0x3a build/Drivers/STM32_USB_Device_Library/Core/Src/usbd_ctlreq.o
                0x0000000008004c9a                USBD_GetString
 .text.USBD_CtlSendData
                0x0000000008004cd4       0x1c build/Drivers/STM32_USB_Device_Library/Core/Src/usbd_ioreq.o
                0x0000000008004cd4                USBD_CtlSendData
 .text.USBD_CtlContinueSendData
                0x0000000008004cf0       0x12 build/Drivers/STM32_USB_Device_Library/Core/Src/usbd_ioreq.o
                0x0000000008004cf0                USBD_CtlContinueSendData
 .text.USBD_CtlPrepareRx
                0x0000000008004d02       0x20 build/Drivers/STM32_USB_Device_Library/Core/Src/usbd_ioreq.o
                0x0000000008004d02                USBD_CtlPrepareRx
 .text.USBD_CtlContinueRx
                0x0000000008004d22       0x12 build/Drivers/STM32_USB_Device_Library/Core/Src/usbd_ioreq.o
                0x0000000008004d22                USBD_CtlContinueRx
 .text.USBD_CtlSendStatus
                0x0000000008004d34       0x16 build/Drivers/STM32_USB_Device_Library/Core/Src/usbd_ioreq.o
                0x0000000008004d34                USBD_CtlSendStatus
 .text.USBD_CtlReceiveStatus
                0x0000000008004d4a       0x16 build/Drivers/STM32_USB_Device_Library/Core/Src/usbd_ioreq.o
                0x0000000008004d4a                USBD_CtlReceiveStatus
 .text.USBD_CDC_DataIn
                0x0000000008004d60       0x12 build/Drivers/STM32_USB_Device_Library/Class/CDC/Src/usbd_cdc.o
 .text.USBD_CDC_EP0_RxReady
                0x0000000008004d72       0x28 build/Drivers/STM32_USB_Device_Library/Class/CDC/Src/usbd_cdc.o
 *fill*         0x0000000008004d9a        0x2 
 .text.USBD_CDC_GetFSCfgDesc
                0x0000000008004d9c        0xc build/Drivers/STM32_USB_Device_Library/Class/CDC/Src/usbd_cdc.o
 .text.USBD_CDC_GetHSCfgDesc
                0x0000000008004da8        0xc build/Drivers/STM32_USB_Device_Library/Class/CDC/Src/usbd_cdc.o
 .text.USBD_CDC_GetOtherSpeedCfgDesc
                0x0000000008004db4        0xc build/Drivers/STM32_USB_Device_Library/Class/CDC/Src/usbd_cdc.o
 .text.USBD_CDC_GetDeviceQualifierDescriptor
                0x0000000008004dc0        0xc build/Drivers/STM32_USB_Device_Library/Class/CDC/Src/usbd_cdc.o
                0x0000000008004dc0                USBD_CDC_GetDeviceQualifierDescriptor
 .text.USBD_CDC_DataOut
                0x0000000008004dcc       0x2e build/Drivers/STM32_USB_Device_Library/Class/CDC/Src/usbd_cdc.o
 .text.USBD_CDC_Setup
                0x0000000008004dfa       0x5a build/Drivers/STM32_USB_Device_Library/Class/CDC/Src/usbd_cdc.o
 .text.USBD_CDC_DeInit
                0x0000000008004e54       0x3a build/Drivers/STM32_USB_Device_Library/Class/CDC/Src/usbd_cdc.o
 .text.USBD_CDC_Init
                0x0000000008004e8e       0x86 build/Drivers/STM32_USB_Device_Library/Class/CDC/Src/usbd_cdc.o
 .text.USBD_CDC_RegisterInterface
                0x0000000008004f14        0xe build/Drivers/STM32_USB_Device_Library/Class/CDC/Src/usbd_cdc.o
                0x0000000008004f14                USBD_CDC_RegisterInterface
 .text.USBD_CDC_SetTxBuffer
                0x0000000008004f22       0x10 build/Drivers/STM32_USB_Device_Library/Class/CDC/Src/usbd_cdc.o
                0x0000000008004f22                USBD_CDC_SetTxBuffer
 .text.USBD_CDC_SetRxBuffer
                0x0000000008004f32        0xc build/Drivers/STM32_USB_Device_Library/Class/CDC/Src/usbd_cdc.o
                0x0000000008004f32                USBD_CDC_SetRxBuffer
 .text.USBD_CDC_TransmitPacket
                0x0000000008004f3e       0x2e build/Drivers/STM32_USB_Device_Library/Class/CDC/Src/usbd_cdc.o
                0x0000000008004f3e                USBD_CDC_TransmitPacket
 .text.USBD_CDC_ReceivePacket
                0x0000000008004f6c       0x26 build/Drivers/STM32_USB_Device_Library/Class/CDC/Src/usbd_cdc.o
                0x0000000008004f6c                USBD_CDC_ReceivePacket
 *fill*         0x0000000008004f92        0x2 
 .text.HAL_PCD_MspInit
                0x0000000008004f94       0x9c build/usbd_conf.o
                0x0000000008004f94                HAL_PCD_MspInit
 .text.HAL_PCD_SetupStageCallback
                0x0000000008005030        0xe build/usbd_conf.o
                0x0000000008005030                HAL_PCD_SetupStageCallback
 .text.HAL_PCD_DataOutStageCallback
                0x000000000800503e       0x12 build/usbd_conf.o
                0x000000000800503e                HAL_PCD_DataOutStageCallback
 .text.HAL_PCD_DataInStageCallback
                0x0000000008005050       0x10 build/usbd_conf.o
                0x0000000008005050                HAL_PCD_DataInStageCallback
 .text.HAL_PCD_SOFCallback
                0x0000000008005060        0x8 build/usbd_conf.o
                0x0000000008005060                HAL_PCD_SOFCallback
 .text.HAL_PCD_ResetCallback
                0x0000000008005068       0x1a build/usbd_conf.o
                0x0000000008005068                HAL_PCD_ResetCallback
 .text.HAL_PCD_SuspendCallback
                0x0000000008005082        0x2 build/usbd_conf.o
                0x0000000008005082                HAL_PCD_SuspendCallback
 .text.HAL_PCD_ResumeCallback
                0x0000000008005084        0x2 build/usbd_conf.o
                0x0000000008005084                HAL_PCD_ResumeCallback
 *fill*         0x0000000008005086        0x2 
 .text.USBD_LL_Init
                0x0000000008005088       0x7c build/usbd_conf.o
                0x0000000008005088                USBD_LL_Init
 .text.USBD_LL_Start
                0x0000000008005104        0xe build/usbd_conf.o
                0x0000000008005104                USBD_LL_Start
 .text.USBD_LL_OpenEP
                0x0000000008005112       0x14 build/usbd_conf.o
                0x0000000008005112                USBD_LL_OpenEP
 .text.USBD_LL_CloseEP
                0x0000000008005126        0xe build/usbd_conf.o
                0x0000000008005126                USBD_LL_CloseEP
 .text.USBD_LL_StallEP
                0x0000000008005134        0xe build/usbd_conf.o
                0x0000000008005134                USBD_LL_StallEP
 .text.USBD_LL_ClearStallEP
                0x0000000008005142        0xe build/usbd_conf.o
                0x0000000008005142                USBD_LL_ClearStallEP
 .text.USBD_LL_IsStallEP
                0x0000000008005150       0x26 build/usbd_conf.o
                0x0000000008005150                USBD_LL_IsStallEP
 .text.USBD_LL_SetUSBAddress
                0x0000000008005176        0xe build/usbd_conf.o
                0x0000000008005176                USBD_LL_SetUSBAddress
 .text.USBD_LL_Transmit
                0x0000000008005184        0xe build/usbd_conf.o
                0x0000000008005184                USBD_LL_Transmit
 .text.USBD_LL_PrepareReceive
                0x0000000008005192        0xe build/usbd_conf.o
                0x0000000008005192                USBD_LL_PrepareReceive
 .text.USBD_LL_GetRxDataSize
                0x00000000080051a0        0xc build/usbd_conf.o
                0x00000000080051a0                USBD_LL_GetRxDataSize
 .text.USBD_static_malloc
                0x00000000080051ac        0x8 build/usbd_conf.o
                0x00000000080051ac                USBD_static_malloc
 .text.USBD_static_free
                0x00000000080051b4        0x2 build/usbd_conf.o
                0x00000000080051b4                USBD_static_free
 *fill*         0x00000000080051b6        0x2 
 .text.USBD_VCP_DeviceDescriptor
                0x00000000080051b8        0xc build/usbd_desc.o
                0x00000000080051b8                USBD_VCP_DeviceDescriptor
 .text.USBD_VCP_LangIDStrDescriptor
                0x00000000080051c4        0xc build/usbd_desc.o
                0x00000000080051c4                USBD_VCP_LangIDStrDescriptor
 .text.IntToUnicode
                0x00000000080051d0       0x28 build/usbd_desc.o
 .text.USBD_VCP_SerialStrDescriptor
                0x00000000080051f8       0x40 build/usbd_desc.o
                0x00000000080051f8                USBD_VCP_SerialStrDescriptor
 .text.USBD_VCP_ProductStrDescriptor
                0x0000000008005238       0x1c build/usbd_desc.o
                0x0000000008005238                USBD_VCP_ProductStrDescriptor
 .text.USBD_VCP_ManufacturerStrDescriptor
                0x0000000008005254       0x1c build/usbd_desc.o
                0x0000000008005254                USBD_VCP_ManufacturerStrDescriptor
 .text.USBD_VCP_ConfigStrDescriptor
                0x0000000008005270       0x1c build/usbd_desc.o
                0x0000000008005270                USBD_VCP_ConfigStrDescriptor
 .text.USBD_VCP_InterfaceStrDescriptor
                0x000000000800528c       0x1c build/usbd_desc.o
                0x000000000800528c                USBD_VCP_InterfaceStrDescriptor
 .text.CDC_Itf_DeInit
                0x00000000080052a8        0x4 build/usbd_cdc_interface.o
 .text.CDC_Itf_Receive
                0x00000000080052ac       0x20 build/usbd_cdc_interface.o
 .text.CDC_Itf_Init
                0x00000000080052cc       0x18 build/usbd_cdc_interface.o
 .text.CDC_Itf_Control
                0x00000000080052e4       0x58 build/usbd_cdc_interface.o
 .text.SPIx_Init
                0x000000000800533c       0x80 build/Drivers/BSP/STM32F3-Discovery/stm32f3_discovery.o
 .text.SPIx_WriteRead
                0x00000000080053bc       0x40 build/Drivers/BSP/STM32F3-Discovery/stm32f3_discovery.o
 .text.I2Cx_Init
                0x00000000080053fc       0x6c build/Drivers/BSP/STM32F3-Discovery/stm32f3_discovery.o
 .text.BSP_LED_Init
                0x0000000008005468       0x68 build/Drivers/BSP/STM32F3-Discovery/stm32f3_discovery.o
                0x0000000008005468                BSP_LED_Init
 .text.BSP_LED_On
                0x00000000080054d0       0x1c build/Drivers/BSP/STM32F3-Discovery/stm32f3_discovery.o
                0x00000000080054d0                BSP_LED_On
 .text.BSP_LED_Off
                0x00000000080054ec       0x1c build/Drivers/BSP/STM32F3-Discovery/stm32f3_discovery.o
                0x00000000080054ec                BSP_LED_Off
 .text.BSP_LED_Toggle
                0x0000000008005508       0x1c build/Drivers/BSP/STM32F3-Discovery/stm32f3_discovery.o
                0x0000000008005508                BSP_LED_Toggle
 .text.BSP_PB_Init
                0x0000000008005524       0x74 build/Drivers/BSP/STM32F3-Discovery/stm32f3_discovery.o
                0x0000000008005524                BSP_PB_Init
 .text.BSP_PB_GetState
                0x0000000008005598       0x14 build/Drivers/BSP/STM32F3-Discovery/stm32f3_discovery.o
                0x0000000008005598                BSP_PB_GetState
 .text.GYRO_IO_Init
                0x00000000080055ac       0x68 build/Drivers/BSP/STM32F3-Discovery/stm32f3_discovery.o
                0x00000000080055ac                GYRO_IO_Init
 .text.GYRO_IO_Write
                0x0000000008005614       0x44 build/Drivers/BSP/STM32F3-Discovery/stm32f3_discovery.o
                0x0000000008005614                GYRO_IO_Write
 .text.GYRO_IO_Read
                0x0000000008005658       0x48 build/Drivers/BSP/STM32F3-Discovery/stm32f3_discovery.o
                0x0000000008005658                GYRO_IO_Read
 .text.COMPASSACCELERO_IO_Init
                0x00000000080056a0       0x64 build/Drivers/BSP/STM32F3-Discovery/stm32f3_discovery.o
                0x00000000080056a0                COMPASSACCELERO_IO_Init
 .text.COMPASSACCELERO_IO_ITConfig
                0x0000000008005704       0x48 build/Drivers/BSP/STM32F3-Discovery/stm32f3_discovery.o
                0x0000000008005704                COMPASSACCELERO_IO_ITConfig
 .text.COMPASSACCELERO_IO_Write
                0x000000000800574c       0x3c build/Drivers/BSP/STM32F3-Discovery/stm32f3_discovery.o
                0x000000000800574c                COMPASSACCELERO_IO_Write
 .text.COMPASSACCELERO_IO_Read
                0x0000000008005788       0x40 build/Drivers/BSP/STM32F3-Discovery/stm32f3_discovery.o
                0x0000000008005788                COMPASSACCELERO_IO_Read
 .text.BSP_ACCELERO_Init
                0x00000000080057c8       0x30 build/Drivers/BSP/STM32F3-Discovery/stm32f3_discovery_accelerometer.o
                0x00000000080057c8                BSP_ACCELERO_Init
 .text.BSP_ACCELERO_GetXYZ
                0x00000000080057f8       0x10 build/Drivers/BSP/STM32F3-Discovery/stm32f3_discovery_accelerometer.o
                0x00000000080057f8                BSP_ACCELERO_GetXYZ
 .text.BSP_GYRO_Init
                0x0000000008005808       0x44 build/Drivers/BSP/STM32F3-Discovery/stm32f3_discovery_gyroscope.o
                0x0000000008005808                BSP_GYRO_Init
 .text.BSP_GYRO_GetXYZ
                0x000000000800584c       0x10 build/Drivers/BSP/STM32F3-Discovery/stm32f3_discovery_gyroscope.o
                0x000000000800584c                BSP_GYRO_GetXYZ
 .text.LSM303DLHC_AccInit
                0x000000000800585c       0x20 build/Drivers/BSP/Components/lsm303dlhc/lsm303dlhc.o
                0x000000000800585c                LSM303DLHC_AccInit
 .text.LSM303DLHC_AccReadID
                0x000000000800587c       0x12 build/Drivers/BSP/Components/lsm303dlhc/lsm303dlhc.o
                0x000000000800587c                LSM303DLHC_AccReadID
 .text.LSM303DLHC_AccRebootCmd
                0x000000000800588e       0x1c build/Drivers/BSP/Components/lsm303dlhc/lsm303dlhc.o
                0x000000000800588e                LSM303DLHC_AccRebootCmd
 .text.LSM303DLHC_AccFilterConfig
                0x00000000080058aa       0x1e build/Drivers/BSP/Components/lsm303dlhc/lsm303dlhc.o
                0x00000000080058aa                LSM303DLHC_AccFilterConfig
 .text.LSM303DLHC_AccFilterCmd
                0x00000000080058c8       0x1e build/Drivers/BSP/Components/lsm303dlhc/lsm303dlhc.o
                0x00000000080058c8                LSM303DLHC_AccFilterCmd
 .text.LSM303DLHC_AccReadXYZ
                0x00000000080058e6       0xe6 build/Drivers/BSP/Components/lsm303dlhc/lsm303dlhc.o
                0x00000000080058e6                LSM303DLHC_AccReadXYZ
 .text.LSM303DLHC_AccFilterClickCmd
                0x00000000080059cc       0x1e build/Drivers/BSP/Components/lsm303dlhc/lsm303dlhc.o
                0x00000000080059cc                LSM303DLHC_AccFilterClickCmd
 .text.LSM303DLHC_AccIT1Enable
                0x00000000080059ea       0x1e build/Drivers/BSP/Components/lsm303dlhc/lsm303dlhc.o
                0x00000000080059ea                LSM303DLHC_AccIT1Enable
 .text.LSM303DLHC_AccClickITEnable
                0x0000000008005a08       0x46 build/Drivers/BSP/Components/lsm303dlhc/lsm303dlhc.o
                0x0000000008005a08                LSM303DLHC_AccClickITEnable
 .text.LSM303DLHC_AccZClickITConfig
                0x0000000008005a4e       0x1c build/Drivers/BSP/Components/lsm303dlhc/lsm303dlhc.o
                0x0000000008005a4e                LSM303DLHC_AccZClickITConfig
 .text.L3GD20_Init
                0x0000000008005a6a       0x32 build/Drivers/BSP/Components/l3gd20/l3gd20.o
                0x0000000008005a6a                L3GD20_Init
 .text.L3GD20_ReadID
                0x0000000008005a9c       0x1c build/Drivers/BSP/Components/l3gd20/l3gd20.o
                0x0000000008005a9c                L3GD20_ReadID
 .text.L3GD20_RebootCmd
                0x0000000008005ab8       0x2c build/Drivers/BSP/Components/l3gd20/l3gd20.o
                0x0000000008005ab8                L3GD20_RebootCmd
 .text.L3GD20_INT1InterruptConfig
                0x0000000008005ae4       0x5c build/Drivers/BSP/Components/l3gd20/l3gd20.o
                0x0000000008005ae4                L3GD20_INT1InterruptConfig
 .text.L3GD20_EnableIT
                0x0000000008005b40       0x40 build/Drivers/BSP/Components/l3gd20/l3gd20.o
                0x0000000008005b40                L3GD20_EnableIT
 .text.L3GD20_DisableIT
                0x0000000008005b80       0x3c build/Drivers/BSP/Components/l3gd20/l3gd20.o
                0x0000000008005b80                L3GD20_DisableIT
 .text.L3GD20_FilterConfig
                0x0000000008005bbc       0x2e build/Drivers/BSP/Components/l3gd20/l3gd20.o
                0x0000000008005bbc                L3GD20_FilterConfig
 .text.L3GD20_FilterCmd
                0x0000000008005bea       0x2e build/Drivers/BSP/Components/l3gd20/l3gd20.o
                0x0000000008005bea                L3GD20_FilterCmd
 .text.L3GD20_ReadXYZAngRate
                0x0000000008005c18       0xd8 build/Drivers/BSP/Components/l3gd20/l3gd20.o
                0x0000000008005c18                L3GD20_ReadXYZAngRate
 .text.Reset_Handler
                0x0000000008005cf0       0x50 build/Drivers/CMSIS/Device/ST/STM32F3xx/Source/Templates/gcc/startup_stm32f303xc.o
                0x0000000008005cf0                Reset_Handler
 .text.Default_Handler
                0x0000000008005d40        0x2 build/Drivers/CMSIS/Device/ST/STM32F3xx/Source/Templates/gcc/startup_stm32f303xc.o
                0x0000000008005d40                RTC_Alarm_IRQHandler
                0x0000000008005d40                TIM8_TRG_COM_IRQHandler
                0x0000000008005d40                TIM8_CC_IRQHandler
                0x0000000008005d40                DebugMon_Handler
                0x0000000008005d40                TIM1_CC_IRQHandler
                0x0000000008005d40                HardFault_Handler
                0x0000000008005d40                USB_HP_IRQHandler
                0x0000000008005d40                PVD_IRQHandler
                0x0000000008005d40                TAMP_STAMP_IRQHandler
                0x0000000008005d40                PendSV_Handler
                0x0000000008005d40                NMI_Handler
                0x0000000008005d40                EXTI3_IRQHandler
                0x0000000008005d40                USB_HP_CAN_TX_IRQHandler
                0x0000000008005d40                EXTI0_IRQHandler
                0x0000000008005d40                I2C2_EV_IRQHandler
                0x0000000008005d40                FPU_IRQHandler
                0x0000000008005d40                TIM1_UP_TIM16_IRQHandler
                0x0000000008005d40                UsageFault_Handler
                0x0000000008005d40                ADC1_2_IRQHandler
                0x0000000008005d40                SPI1_IRQHandler
                0x0000000008005d40                CAN_SCE_IRQHandler
                0x0000000008005d40                TIM6_DAC_IRQHandler
                0x0000000008005d40                TIM8_UP_IRQHandler
                0x0000000008005d40                DMA2_Channel2_IRQHandler
                0x0000000008005d40                DMA1_Channel4_IRQHandler
                0x0000000008005d40                USART3_IRQHandler
                0x0000000008005d40                DMA1_Channel7_IRQHandler
                0x0000000008005d40                UART5_IRQHandler
                0x0000000008005d40                ADC3_IRQHandler
                0x0000000008005d40                TIM4_IRQHandler
                0x0000000008005d40                CAN_RX1_IRQHandler
                0x0000000008005d40                DMA2_Channel1_IRQHandler
                0x0000000008005d40                I2C1_EV_IRQHandler
                0x0000000008005d40                DMA1_Channel6_IRQHandler
                0x0000000008005d40                UART4_IRQHandler
                0x0000000008005d40                DMA2_Channel4_IRQHandler
                0x0000000008005d40                TIM3_IRQHandler
                0x0000000008005d40                RCC_IRQHandler
                0x0000000008005d40                DMA1_Channel1_IRQHandler
                0x0000000008005d40                Default_Handler
                0x0000000008005d40                USBWakeUp_RMP_IRQHandler
                0x0000000008005d40                EXTI15_10_IRQHandler
                0x0000000008005d40                TIM7_IRQHandler
                0x0000000008005d40                EXTI9_5_IRQHandler
                0x0000000008005d40                RTC_WKUP_IRQHandler
                0x0000000008005d40                SPI2_IRQHandler
                0x0000000008005d40                MemManage_Handler
                0x0000000008005d40                SVC_Handler
                0x0000000008005d40                DMA2_Channel5_IRQHandler
                0x0000000008005d40                DMA1_Channel5_IRQHandler
                0x0000000008005d40                USB_LP_IRQHandler
                0x0000000008005d40                EXTI4_IRQHandler
                0x0000000008005d40                TIM1_TRG_COM_TIM17_IRQHandler
                0x0000000008005d40                DMA1_Channel3_IRQHandler
                0x0000000008005d40                ADC4_IRQHandler
                0x0000000008005d40                WWDG_IRQHandler
                0x0000000008005d40                TIM2_IRQHandler
                0x0000000008005d40                COMP7_IRQHandler
                0x0000000008005d40                COMP1_2_3_IRQHandler
                0x0000000008005d40                EXTI1_IRQHandler
                0x0000000008005d40                USART2_IRQHandler
                0x0000000008005d40                COMP4_5_6_IRQHandler
                0x0000000008005d40                I2C2_ER_IRQHandler
                0x0000000008005d40                DMA1_Channel2_IRQHandler
                0x0000000008005d40                TIM8_BRK_IRQHandler
                0x0000000008005d40                FLASH_IRQHandler
                0x0000000008005d40                BusFault_Handler
                0x0000000008005d40                USART1_IRQHandler
                0x0000000008005d40                SPI3_IRQHandler
                0x0000000008005d40                I2C1_ER_IRQHandler
                0x0000000008005d40                USBWakeUp_IRQHandler
                0x0000000008005d40                DMA2_Channel3_IRQHandler
                0x0000000008005d40                EXTI2_TSC_IRQHandler
                0x0000000008005d40                TIM1_BRK_TIM15_IRQHandler
 *fill*         0x0000000008005d42        0x2 
 .text.atexit   0x0000000008005d44        0xc /usr/lib/gcc/arm-none-eabi/4.9.3/../../../arm-none-eabi/lib/armv7e-m/fpu/libg.a(lib_a-atexit.o)
                0x0000000008005d44                atexit
 .text.__errno  0x0000000008005d50        0xc /usr/lib/gcc/arm-none-eabi/4.9.3/../../../arm-none-eabi/lib/armv7e-m/fpu/libg.a(lib_a-errno.o)
                0x0000000008005d50                __errno
 .text.__libc_fini_array
                0x0000000008005d5c       0x2c /usr/lib/gcc/arm-none-eabi/4.9.3/../../../arm-none-eabi/lib/armv7e-m/fpu/libg.a(lib_a-fini.o)
                0x0000000008005d5c                __libc_fini_array
 .text.__libc_init_array
                0x0000000008005d88       0x50 /usr/lib/gcc/arm-none-eabi/4.9.3/../../../arm-none-eabi/lib/armv7e-m/fpu/libg.a(lib_a-init.o)
                0x0000000008005d88                __libc_init_array
 .text.memset   0x0000000008005dd8       0x9c /usr/lib/gcc/arm-none-eabi/4.9.3/../../../arm-none-eabi/lib/armv7e-m/fpu/libg.a(lib_a-memset.o)
                0x0000000008005dd8                memset
 .text.printf   0x0000000008005e74       0x28 /usr/lib/gcc/arm-none-eabi/4.9.3/../../../arm-none-eabi/lib/armv7e-m/fpu/libg.a(lib_a-printf.o)
                0x0000000008005e74                printf
 .text.putchar  0x0000000008005e9c       0x14 /usr/lib/gcc/arm-none-eabi/4.9.3/../../../arm-none-eabi/lib/armv7e-m/fpu/libg.a(lib_a-putchar.o)
                0x0000000008005e9c                putchar
 .text._puts_r  0x0000000008005eb0       0x64 /usr/lib/gcc/arm-none-eabi/4.9.3/../../../arm-none-eabi/lib/armv7e-m/fpu/libg.a(lib_a-puts.o)
                0x0000000008005eb0                _puts_r
 .text.puts     0x0000000008005f14       0x10 /usr/lib/gcc/arm-none-eabi/4.9.3/../../../arm-none-eabi/lib/armv7e-m/fpu/libg.a(lib_a-puts.o)
                0x0000000008005f14                puts
 .text.setvbuf  0x0000000008005f24       0xf8 /usr/lib/gcc/arm-none-eabi/4.9.3/../../../arm-none-eabi/lib/armv7e-m/fpu/libg.a(lib_a-setvbuf.o)
                0x0000000008005f24                setvbuf
 .text.strcasecmp
                0x000000000800601c       0x44 /usr/lib/gcc/arm-none-eabi/4.9.3/../../../arm-none-eabi/lib/armv7e-m/fpu/libg.a(lib_a-strcasecmp.o)
                0x000000000800601c                strcasecmp
 .text.strcpy   0x0000000008006060       0xbc /usr/lib/gcc/arm-none-eabi/4.9.3/../../../arm-none-eabi/lib/armv7e-m/fpu/libg.a(lib_a-strcpy.o)
                0x0000000008006060                strcpy
 .text.strlen   0x000000000800611c       0x5c /usr/lib/gcc/arm-none-eabi/4.9.3/../../../arm-none-eabi/lib/armv7e-m/fpu/libg.a(lib_a-strlen.o)
                0x000000000800611c                strlen
 .text.strtok   0x0000000008006178       0x10 /usr/lib/gcc/arm-none-eabi/4.9.3/../../../arm-none-eabi/lib/armv7e-m/fpu/libg.a(lib_a-strtok.o)
                0x0000000008006178                strtok
 .text.__strtok_r
                0x0000000008006188       0x64 /usr/lib/gcc/arm-none-eabi/4.9.3/../../../arm-none-eabi/lib/armv7e-m/fpu/libg.a(lib_a-strtok_r.o)
                0x0000000008006188                __strtok_r
 .text._strtoul_r
                0x00000000080061ec      0x128 /usr/lib/gcc/arm-none-eabi/4.9.3/../../../arm-none-eabi/lib/armv7e-m/fpu/libg.a(lib_a-strtoul.o)
                0x00000000080061ec                _strtoul_r
 .text.strtoul  0x0000000008006314       0x18 /usr/lib/gcc/arm-none-eabi/4.9.3/../../../arm-none-eabi/lib/armv7e-m/fpu/libg.a(lib_a-strtoul.o)
                0x0000000008006314                strtoul
 *fill*         0x000000000800632c        0x4 
 .text._vfprintf_r
                0x0000000008006330     0x1428 /usr/lib/gcc/arm-none-eabi/4.9.3/../../../arm-none-eabi/lib/armv7e-m/fpu/libg.a(lib_a-vfprintf.o)
                0x0000000008006330                _vfprintf_r
 .text.__sbprintf
                0x0000000008007758       0x78 /usr/lib/gcc/arm-none-eabi/4.9.3/../../../arm-none-eabi/lib/armv7e-m/fpu/libg.a(lib_a-vfprintf.o)
 .text.__swsetup_r
                0x00000000080077d0       0xc4 /usr/lib/gcc/arm-none-eabi/4.9.3/../../../arm-none-eabi/lib/armv7e-m/fpu/libg.a(lib_a-wsetup.o)
                0x00000000080077d0                __swsetup_r
 .text.__register_exitproc
                0x0000000008007894       0xa4 /usr/lib/gcc/arm-none-eabi/4.9.3/../../../arm-none-eabi/lib/armv7e-m/fpu/libg.a(lib_a-__atexit.o)
                0x0000000008007894                __register_exitproc
 .text.startup.register_fini
                0x0000000008007938       0x14 /usr/lib/gcc/arm-none-eabi/4.9.3/../../../arm-none-eabi/lib/armv7e-m/fpu/libg.a(lib_a-__call_atexit.o)
 .text.quorem   0x000000000800794c      0x12c /usr/lib/gcc/arm-none-eabi/4.9.3/../../../arm-none-eabi/lib/armv7e-m/fpu/libg.a(lib_a-dtoa.o)
 .text._dtoa_r  0x0000000008007a78      0xea8 /usr/lib/gcc/arm-none-eabi/4.9.3/../../../arm-none-eabi/lib/armv7e-m/fpu/libg.a(lib_a-dtoa.o)
                0x0000000008007a78                _dtoa_r
 .text.__sflush_r
                0x0000000008008920      0x154 /usr/lib/gcc/arm-none-eabi/4.9.3/../../../arm-none-eabi/lib/armv7e-m/fpu/libg.a(lib_a-fflush.o)
                0x0000000008008920                __sflush_r
 .text._fflush_r
                0x0000000008008a74       0x2c /usr/lib/gcc/arm-none-eabi/4.9.3/../../../arm-none-eabi/lib/armv7e-m/fpu/libg.a(lib_a-fflush.o)
                0x0000000008008a74                _fflush_r
 .text._cleanup_r
                0x0000000008008aa0        0xc /usr/lib/gcc/arm-none-eabi/4.9.3/../../../arm-none-eabi/lib/armv7e-m/fpu/libg.a(lib_a-findfp.o)
                0x0000000008008aa0                _cleanup_r
 .text.__sinit.part.1
                0x0000000008008aac       0xf0 /usr/lib/gcc/arm-none-eabi/4.9.3/../../../arm-none-eabi/lib/armv7e-m/fpu/libg.a(lib_a-findfp.o)
 .text.__sinit  0x0000000008008b9c        0xc /usr/lib/gcc/arm-none-eabi/4.9.3/../../../arm-none-eabi/lib/armv7e-m/fpu/libg.a(lib_a-findfp.o)
                0x0000000008008b9c                __sinit
 .text.__sfp_lock_acquire
                0x0000000008008ba8        0x4 /usr/lib/gcc/arm-none-eabi/4.9.3/../../../arm-none-eabi/lib/armv7e-m/fpu/libg.a(lib_a-findfp.o)
                0x0000000008008ba8                __sfp_lock_acquire
 .text.__sfp_lock_release
                0x0000000008008bac        0x4 /usr/lib/gcc/arm-none-eabi/4.9.3/../../../arm-none-eabi/lib/armv7e-m/fpu/libg.a(lib_a-findfp.o)
                0x0000000008008bac                __sfp_lock_release
 .text._malloc_trim_r
                0x0000000008008bb0       0x9c /usr/lib/gcc/arm-none-eabi/4.9.3/../../../arm-none-eabi/lib/armv7e-m/fpu/libg.a(lib_a-freer.o)
                0x0000000008008bb0                _malloc_trim_r
 .text._free_r  0x0000000008008c4c      0x1b0 /usr/lib/gcc/arm-none-eabi/4.9.3/../../../arm-none-eabi/lib/armv7e-m/fpu/libg.a(lib_a-freer.o)
                0x0000000008008c4c                _free_r
 .text.__sfvwrite_r
                0x0000000008008dfc      0x318 /usr/lib/gcc/arm-none-eabi/4.9.3/../../../arm-none-eabi/lib/armv7e-m/fpu/libg.a(lib_a-fvwrite.o)
                0x0000000008008dfc                __sfvwrite_r
 .text._fwalk_reent
                0x0000000008009114       0x54 /usr/lib/gcc/arm-none-eabi/4.9.3/../../../arm-none-eabi/lib/armv7e-m/fpu/libg.a(lib_a-fwalk.o)
                0x0000000008009114                _fwalk_reent
 .text.__locale_charset
                0x0000000008009168        0x8 /usr/lib/gcc/arm-none-eabi/4.9.3/../../../arm-none-eabi/lib/armv7e-m/fpu/libg.a(lib_a-locale.o)
                0x0000000008009168                __locale_charset
 .text.__locale_mb_cur_max
                0x0000000008009170        0xc /usr/lib/gcc/arm-none-eabi/4.9.3/../../../arm-none-eabi/lib/armv7e-m/fpu/libg.a(lib_a-locale.o)
                0x0000000008009170                __locale_mb_cur_max
 .text._localeconv_r
                0x000000000800917c        0x8 /usr/lib/gcc/arm-none-eabi/4.9.3/../../../arm-none-eabi/lib/armv7e-m/fpu/libg.a(lib_a-locale.o)
                0x000000000800917c                _localeconv_r
 .text.__smakebuf_r
                0x0000000008009184       0xe0 /usr/lib/gcc/arm-none-eabi/4.9.3/../../../arm-none-eabi/lib/armv7e-m/fpu/libg.a(lib_a-makebuf.o)
                0x0000000008009184                __smakebuf_r
 .text.malloc   0x0000000008009264       0x10 /usr/lib/gcc/arm-none-eabi/4.9.3/../../../arm-none-eabi/lib/armv7e-m/fpu/libg.a(lib_a-malloc.o)
                0x0000000008009264                malloc
 .text._malloc_r
                0x0000000008009274      0x524 /usr/lib/gcc/arm-none-eabi/4.9.3/../../../arm-none-eabi/lib/armv7e-m/fpu/libg.a(lib_a-mallocr.o)
                0x0000000008009274                _malloc_r
 .text.memchr   0x0000000008009798       0x94 /usr/lib/gcc/arm-none-eabi/4.9.3/../../../arm-none-eabi/lib/armv7e-m/fpu/libg.a(lib_a-memchr.o)
                0x0000000008009798                memchr
 .text.memmove  0x000000000800982c       0xc8 /usr/lib/gcc/arm-none-eabi/4.9.3/../../../arm-none-eabi/lib/armv7e-m/fpu/libg.a(lib_a-memmove.o)
                0x000000000800982c                memmove
 .text.__malloc_lock
                0x00000000080098f4        0x4 /usr/lib/gcc/arm-none-eabi/4.9.3/../../../arm-none-eabi/lib/armv7e-m/fpu/libg.a(lib_a-mlock.o)
                0x00000000080098f4                __malloc_lock
 .text.__malloc_unlock
                0x00000000080098f8        0x4 /usr/lib/gcc/arm-none-eabi/4.9.3/../../../arm-none-eabi/lib/armv7e-m/fpu/libg.a(lib_a-mlock.o)
                0x00000000080098f8                __malloc_unlock
 .text._Balloc  0x00000000080098fc       0x4c /usr/lib/gcc/arm-none-eabi/4.9.3/../../../arm-none-eabi/lib/armv7e-m/fpu/libg.a(lib_a-mprec.o)
                0x00000000080098fc                _Balloc
 .text._Bfree   0x0000000008009948       0x14 /usr/lib/gcc/arm-none-eabi/4.9.3/../../../arm-none-eabi/lib/armv7e-m/fpu/libg.a(lib_a-mprec.o)
                0x0000000008009948                _Bfree
 .text.__multadd
                0x000000000800995c       0x84 /usr/lib/gcc/arm-none-eabi/4.9.3/../../../arm-none-eabi/lib/armv7e-m/fpu/libg.a(lib_a-mprec.o)
                0x000000000800995c                __multadd
 .text.__hi0bits
                0x00000000080099e0       0x40 /usr/lib/gcc/arm-none-eabi/4.9.3/../../../arm-none-eabi/lib/armv7e-m/fpu/libg.a(lib_a-mprec.o)
                0x00000000080099e0                __hi0bits
 .text.__lo0bits
                0x0000000008009a20       0x5c /usr/lib/gcc/arm-none-eabi/4.9.3/../../../arm-none-eabi/lib/armv7e-m/fpu/libg.a(lib_a-mprec.o)
                0x0000000008009a20                __lo0bits
 .text.__i2b    0x0000000008009a7c       0x14 /usr/lib/gcc/arm-none-eabi/4.9.3/../../../arm-none-eabi/lib/armv7e-m/fpu/libg.a(lib_a-mprec.o)
                0x0000000008009a7c                __i2b
 .text.__multiply
                0x0000000008009a90      0x134 /usr/lib/gcc/arm-none-eabi/4.9.3/../../../arm-none-eabi/lib/armv7e-m/fpu/libg.a(lib_a-mprec.o)
                0x0000000008009a90                __multiply
 .text.__pow5mult
                0x0000000008009bc4       0xa0 /usr/lib/gcc/arm-none-eabi/4.9.3/../../../arm-none-eabi/lib/armv7e-m/fpu/libg.a(lib_a-mprec.o)
                0x0000000008009bc4                __pow5mult
 .text.__lshift
                0x0000000008009c64       0xac /usr/lib/gcc/arm-none-eabi/4.9.3/../../../arm-none-eabi/lib/armv7e-m/fpu/libg.a(lib_a-mprec.o)
                0x0000000008009c64                __lshift
 .text.__mcmp   0x0000000008009d10       0x48 /usr/lib/gcc/arm-none-eabi/4.9.3/../../../arm-none-eabi/lib/armv7e-m/fpu/libg.a(lib_a-mprec.o)
                0x0000000008009d10                __mcmp
 .text.__mdiff  0x0000000008009d58       0xd4 /usr/lib/gcc/arm-none-eabi/4.9.3/../../../arm-none-eabi/lib/armv7e-m/fpu/libg.a(lib_a-mprec.o)
                0x0000000008009d58                __mdiff
 .text.__d2b    0x0000000008009e2c       0xbc /usr/lib/gcc/arm-none-eabi/4.9.3/../../../arm-none-eabi/lib/armv7e-m/fpu/libg.a(lib_a-mprec.o)
                0x0000000008009e2c                __d2b
 .text._putc_r  0x0000000008009ee8       0x58 /usr/lib/gcc/arm-none-eabi/4.9.3/../../../arm-none-eabi/lib/armv7e-m/fpu/libg.a(lib_a-putc.o)
                0x0000000008009ee8                _putc_r
 .text._realloc_r
                0x0000000008009f40      0x3ec /usr/lib/gcc/arm-none-eabi/4.9.3/../../../arm-none-eabi/lib/armv7e-m/fpu/libg.a(lib_a-reallocr.o)
                0x0000000008009f40                _realloc_r
 .text.__fpclassifyd
                0x000000000800a32c       0x5c /usr/lib/gcc/arm-none-eabi/4.9.3/../../../arm-none-eabi/lib/armv7e-m/fpu/libg.a(lib_a-s_fpclassify.o)
                0x000000000800a32c                __fpclassifyd
 .text.__sread  0x000000000800a388       0x24 /usr/lib/gcc/arm-none-eabi/4.9.3/../../../arm-none-eabi/lib/armv7e-m/fpu/libg.a(lib_a-stdio.o)
                0x000000000800a388                __sread
 .text.__swrite
                0x000000000800a3ac       0x38 /usr/lib/gcc/arm-none-eabi/4.9.3/../../../arm-none-eabi/lib/armv7e-m/fpu/libg.a(lib_a-stdio.o)
                0x000000000800a3ac                __swrite
 .text.__sseek  0x000000000800a3e4       0x20 /usr/lib/gcc/arm-none-eabi/4.9.3/../../../arm-none-eabi/lib/armv7e-m/fpu/libg.a(lib_a-stdio.o)
                0x000000000800a3e4                __sseek
 .text.__sclose
                0x000000000800a404        0x8 /usr/lib/gcc/arm-none-eabi/4.9.3/../../../arm-none-eabi/lib/armv7e-m/fpu/libg.a(lib_a-stdio.o)
                0x000000000800a404                __sclose
 .text.__sprint_r.part.0
                0x000000000800a40c       0x78 /usr/lib/gcc/arm-none-eabi/4.9.3/../../../arm-none-eabi/lib/armv7e-m/fpu/libg.a(lib_a-vfiprintf.o)
 .text.__sprint_r
                0x000000000800a484       0x18 /usr/lib/gcc/arm-none-eabi/4.9.3/../../../arm-none-eabi/lib/armv7e-m/fpu/libg.a(lib_a-vfiprintf.o)
                0x000000000800a484                __sprint_r
 .text.__swbuf_r
                0x000000000800a49c       0xa8 /usr/lib/gcc/arm-none-eabi/4.9.3/../../../arm-none-eabi/lib/armv7e-m/fpu/libg.a(lib_a-wbuf.o)
                0x000000000800a49c                __swbuf_r
 .text._calloc_r
                0x000000000800a544       0x60 /usr/lib/gcc/arm-none-eabi/4.9.3/../../../arm-none-eabi/lib/armv7e-m/fpu/libg.a(lib_a-callocr.o)
                0x000000000800a544                _calloc_r
 .text._fclose_r
                0x000000000800a5a4       0x84 /usr/lib/gcc/arm-none-eabi/4.9.3/../../../arm-none-eabi/lib/armv7e-m/fpu/libg.a(lib_a-fclose.o)
                0x000000000800a5a4                _fclose_r
 .text.__fputwc
                0x000000000800a628       0xb0 /usr/lib/gcc/arm-none-eabi/4.9.3/../../../arm-none-eabi/lib/armv7e-m/fpu/libg.a(lib_a-fputwc.o)
                0x000000000800a628                __fputwc
 .text._fputwc_r
                0x000000000800a6d8       0x24 /usr/lib/gcc/arm-none-eabi/4.9.3/../../../arm-none-eabi/lib/armv7e-m/fpu/libg.a(lib_a-fputwc.o)
                0x000000000800a6d8                _fputwc_r
 .text._wcrtomb_r
                0x000000000800a6fc       0x54 /usr/lib/gcc/arm-none-eabi/4.9.3/../../../arm-none-eabi/lib/armv7e-m/fpu/libg.a(lib_a-wcrtomb.o)
                0x000000000800a6fc                _wcrtomb_r
 .text.__ascii_wctomb
                0x000000000800a750       0x1c /usr/lib/gcc/arm-none-eabi/4.9.3/../../../arm-none-eabi/lib/armv7e-m/fpu/libg.a(lib_a-wctomb_r.o)
                0x000000000800a750                __ascii_wctomb
 *(.glue_7)
 .glue_7        0x000000000800a76c        0x0 linker stubs
 *(.glue_7t)
 .glue_7t       0x000000000800a76c        0x0 linker stubs
 *(.eh_frame)
 .eh_frame      0x000000000800a76c        0x0 /usr/lib/gcc/arm-none-eabi/4.9.3/armv7e-m/fpu/crtbegin.o
 *(.init)
 .init          0x000000000800a76c        0x4 /usr/lib/gcc/arm-none-eabi/4.9.3/armv7e-m/fpu/crti.o
                0x000000000800a76c                _init
 .init          0x000000000800a770        0x8 /usr/lib/gcc/arm-none-eabi/4.9.3/armv7e-m/fpu/crtn.o
 *(.fini)
 .fini          0x000000000800a778        0x4 /usr/lib/gcc/arm-none-eabi/4.9.3/armv7e-m/fpu/crti.o
                0x000000000800a778                _fini
 .fini          0x000000000800a77c        0x8 /usr/lib/gcc/arm-none-eabi/4.9.3/armv7e-m/fpu/crtn.o
                0x000000000800a784                . = ALIGN (0x4)
                0x000000000800a784                _etext = .

.vfp11_veneer   0x000000000800a784        0x0
 .vfp11_veneer  0x000000000800a784        0x0 linker stubs

.v4_bx          0x000000000800a784        0x0
 .v4_bx         0x000000000800a784        0x0 linker stubs

.iplt           0x000000000800a784        0x0
 .iplt          0x000000000800a784        0x0 /usr/lib/gcc/arm-none-eabi/4.9.3/armv7e-m/fpu/crtbegin.o

.rodata         0x000000000800a788    0x109d8
                0x000000000800a788                . = ALIGN (0x4)
 *(.rodata)
 *(.rodata*)
 .rodata.str1.1
                0x000000000800a788      0x1ce build/main.o
                                        0x1d9 (size before relaxing)
 .rodata.LEDs   0x000000000800a956        0x8 build/main.o
                0x000000000800a956                LEDs
 .rodata.str1.1
                0x000000000800a95e       0x5d build/mytest.o
 .rodata.str1.1
                0x000000000800a9bb       0x38 build/simple_task.o
 .rodata.str1.1
                0x000000000800a9f3       0x52 build/task_executive1.o
 .rodata.str1.1
                0x000000000800aa45       0xff build/task_test1.o
                                        0x110 (size before relaxing)
 .rodata.str1.1
                0x000000000800ab44       0x4b build/monitor.o
                                         0x4d (size before relaxing)
 .rodata.__FUNCTION__.5821
                0x000000000800ab8f        0x6 build/parser.o
 .rodata.str1.1
                0x000000000800ab95       0xe4 build/parser.o
 .rodata.str1.1
                0x000000000800ac79      0x1fc build/dump.o
                                        0x1fe (size before relaxing)
 .rodata.str1.1
                0x000000000800ae75       0xaa build/terminal.o
                                         0xac (size before relaxing)
 .rodata.str1.1
                0x000000000800af1f      0x4b8 build/decoder/decoder.o
                                        0x4c0 (size before relaxing)
 *fill*         0x000000000800b3d7        0x1 
 .rodata.TIM1_CCER_fields
                0x000000000800b3d8       0xa0 build/decoder/STM32F30x_decoder.o
                0x000000000800b3d8                TIM1_CCER_fields
 .rodata.DMA1_registers
                0x000000000800b478      0x174 build/decoder/STM32F30x_decoder.o
                0x000000000800b478                DMA1_registers
 .rodata.SPI1_DR_fields
                0x000000000800b5ec       0x10 build/decoder/STM32F30x_decoder.o
                0x000000000800b5ec                SPI1_DR_fields
 .rodata.ADC1_2_CSR_fields
                0x000000000800b5fc       0xb8 build/decoder/STM32F30x_decoder.o
                0x000000000800b5fc                ADC1_2_CSR_fields
 .rodata.USB_FS_USB_EP3R_fields
                0x000000000800b6b4       0x58 build/decoder/STM32F30x_decoder.o
                0x000000000800b6b4                USB_FS_USB_EP3R_fields
 .rodata.GPIOB_PUPDR_fields
                0x000000000800b70c       0x88 build/decoder/STM32F30x_decoder.o
                0x000000000800b70c                GPIOB_PUPDR_fields
 .rodata.TSC_IOG8CR_fields
                0x000000000800b794       0x10 build/decoder/STM32F30x_decoder.o
                0x000000000800b794                TSC_IOG8CR_fields
 .rodata.TIM1_CCMR3_Output_fields
                0x000000000800b7a4       0x58 build/decoder/STM32F30x_decoder.o
                0x000000000800b7a4                TIM1_CCMR3_Output_fields
 .rodata.TIM1_SMCR_fields
                0x000000000800b7fc       0x50 build/decoder/STM32F30x_decoder.o
                0x000000000800b7fc                TIM1_SMCR_fields
 .rodata.RTC_SHIFTR_fields
                0x000000000800b84c       0x18 build/decoder/STM32F30x_decoder.o
                0x000000000800b84c                RTC_SHIFTR_fields
 .rodata.CAN_F24R1_fields
                0x000000000800b864      0x108 build/decoder/STM32F30x_decoder.o
                0x000000000800b864                CAN_F24R1_fields
 .rodata.RTC_TSDR_fields
                0x000000000800b96c       0x30 build/decoder/STM32F30x_decoder.o
                0x000000000800b96c                RTC_TSDR_fields
 .rodata.RTC_BKP22R_fields
                0x000000000800b99c       0x10 build/decoder/STM32F30x_decoder.o
                0x000000000800b99c                RTC_BKP22R_fields
 .rodata.TIM1_CCMR2_Output_fields
                0x000000000800b9ac       0x68 build/decoder/STM32F30x_decoder.o
                0x000000000800b9ac                TIM1_CCMR2_Output_fields
 .rodata.TIM17_RCR_fields
                0x000000000800ba14       0x10 build/decoder/STM32F30x_decoder.o
                0x000000000800ba14                TIM17_RCR_fields
 .rodata.EXTI_EMR1_fields
                0x000000000800ba24      0x108 build/decoder/STM32F30x_decoder.o
                0x000000000800ba24                EXTI_EMR1_fields
 .rodata.CAN_F11R2_fields
                0x000000000800bb2c      0x108 build/decoder/STM32F30x_decoder.o
                0x000000000800bb2c                CAN_F11R2_fields
 .rodata.USB_FS_ISTR_fields
                0x000000000800bc34       0x58 build/decoder/STM32F30x_decoder.o
                0x000000000800bc34                USB_FS_ISTR_fields
 .rodata.I2C1_ICR_fields
                0x000000000800bc8c       0x50 build/decoder/STM32F30x_decoder.o
                0x000000000800bc8c                I2C1_ICR_fields
 .rodata.TIM16_ARR_fields
                0x000000000800bcdc       0x10 build/decoder/STM32F30x_decoder.o
                0x000000000800bcdc                TIM16_ARR_fields
 .rodata.RTC_ISR_fields
                0x000000000800bcec       0x90 build/decoder/STM32F30x_decoder.o
                0x000000000800bcec                RTC_ISR_fields
 .rodata.RTC_BKP27R_fields
                0x000000000800bd7c       0x10 build/decoder/STM32F30x_decoder.o
                0x000000000800bd7c                RTC_BKP27R_fields
 .rodata.TIM8_CCR6_fields
                0x000000000800bd8c       0x10 build/decoder/STM32F30x_decoder.o
                0x000000000800bd8c                TIM8_CCR6_fields
 .rodata.TIM17_BDTR_fields
                0x000000000800bd9c       0x50 build/decoder/STM32F30x_decoder.o
                0x000000000800bd9c                TIM17_BDTR_fields
 .rodata.TIM8_CCMR1_Input_fields
                0x000000000800bdec       0x38 build/decoder/STM32F30x_decoder.o
                0x000000000800bdec                TIM8_CCMR1_Input_fields
 .rodata.DAC_registers
                0x000000000800be24       0xb4 build/decoder/STM32F30x_decoder.o
                0x000000000800be24                DAC_registers
 .rodata.IWDG_WINR_fields
                0x000000000800bed8       0x10 build/decoder/STM32F30x_decoder.o
                0x000000000800bed8                IWDG_WINR_fields
 .rodata.CAN_F19R2_fields
                0x000000000800bee8      0x108 build/decoder/STM32F30x_decoder.o
                0x000000000800bee8                CAN_F19R2_fields
 .rodata.CAN_RF1R_fields
                0x000000000800bff0       0x28 build/decoder/STM32F30x_decoder.o
                0x000000000800bff0                CAN_RF1R_fields
 .rodata.RTC_BKP16R_fields
                0x000000000800c018       0x10 build/decoder/STM32F30x_decoder.o
                0x000000000800c018                RTC_BKP16R_fields
 .rodata.RTC_CALR_fields
                0x000000000800c028       0x28 build/decoder/STM32F30x_decoder.o
                0x000000000800c028                RTC_CALR_fields
 .rodata.TIM2_SR_fields
                0x000000000800c050       0x58 build/decoder/STM32F30x_decoder.o
                0x000000000800c050                TIM2_SR_fields
 .rodata.SYSCFG_EXTICR2_fields
                0x000000000800c0a8       0x28 build/decoder/STM32F30x_decoder.o
                0x000000000800c0a8                SYSCFG_EXTICR2_fields
 .rodata.CAN_MCR_fields
                0x000000000800c0d0       0x58 build/decoder/STM32F30x_decoder.o
                0x000000000800c0d0                CAN_MCR_fields
 .rodata.TIM17_SR_fields
                0x000000000800c128       0x38 build/decoder/STM32F30x_decoder.o
                0x000000000800c128                TIM17_SR_fields
 .rodata.USART1_GTPR_fields
                0x000000000800c160       0x18 build/decoder/STM32F30x_decoder.o
                0x000000000800c160                USART1_GTPR_fields
 .rodata.DAC_DOR1_fields
                0x000000000800c178       0x10 build/decoder/STM32F30x_decoder.o
                0x000000000800c178                DAC_DOR1_fields
 .rodata.CAN_F1R1_fields
                0x000000000800c188      0x108 build/decoder/STM32F30x_decoder.o
                0x000000000800c188                CAN_F1R1_fields
 .rodata.CAN_FA1R_fields
                0x000000000800c290       0xe8 build/decoder/STM32F30x_decoder.o
                0x000000000800c290                CAN_FA1R_fields
 .rodata.RTC_BKP6R_fields
                0x000000000800c378       0x10 build/decoder/STM32F30x_decoder.o
                0x000000000800c378                RTC_BKP6R_fields
 .rodata.RCC_CFGR_fields
                0x000000000800c388       0x68 build/decoder/STM32F30x_decoder.o
                0x000000000800c388                RCC_CFGR_fields
 .rodata.PWR_CR_fields
                0x000000000800c3f0       0x40 build/decoder/STM32F30x_decoder.o
                0x000000000800c3f0                PWR_CR_fields
 .rodata.NVIC_ISER0_fields
                0x000000000800c430       0x10 build/decoder/STM32F30x_decoder.o
                0x000000000800c430                NVIC_ISER0_fields
 .rodata.DMA1_CPAR7_fields
                0x000000000800c440       0x10 build/decoder/STM32F30x_decoder.o
                0x000000000800c440                DMA1_CPAR7_fields
 .rodata.TSC_IOHCR_fields
                0x000000000800c450      0x108 build/decoder/STM32F30x_decoder.o
                0x000000000800c450                TSC_IOHCR_fields
 .rodata.CAN_F27R1_fields
                0x000000000800c558      0x108 build/decoder/STM32F30x_decoder.o
                0x000000000800c558                CAN_F27R1_fields
 .rodata.TIM6_ARR_fields
                0x000000000800c660       0x10 build/decoder/STM32F30x_decoder.o
                0x000000000800c660                TIM6_ARR_fields
 .rodata.CAN_F12R1_fields
                0x000000000800c670      0x108 build/decoder/STM32F30x_decoder.o
                0x000000000800c670                CAN_F12R1_fields
 .rodata.TIM15_DCR_fields
                0x000000000800c778       0x18 build/decoder/STM32F30x_decoder.o
                0x000000000800c778                TIM15_DCR_fields
 .rodata.NVIC_IPR18_fields
                0x000000000800c790       0x28 build/decoder/STM32F30x_decoder.o
                0x000000000800c790                NVIC_IPR18_fields
 .rodata.RTC_BKP13R_fields
                0x000000000800c7b8       0x10 build/decoder/STM32F30x_decoder.o
                0x000000000800c7b8                RTC_BKP13R_fields
 .rodata.CAN_BTR_fields
                0x000000000800c7c8       0x38 build/decoder/STM32F30x_decoder.o
                0x000000000800c7c8                CAN_BTR_fields
 .rodata.TIM15_BDTR_fields
                0x000000000800c800       0x50 build/decoder/STM32F30x_decoder.o
                0x000000000800c800                TIM15_BDTR_fields
 .rodata.NVIC_IPR1_fields
                0x000000000800c850       0x28 build/decoder/STM32F30x_decoder.o
                0x000000000800c850                NVIC_IPR1_fields
 .rodata.TIM15_PSC_fields
                0x000000000800c878       0x10 build/decoder/STM32F30x_decoder.o
                0x000000000800c878                TIM15_PSC_fields
 .rodata.Flash_ACR_fields
                0x000000000800c888       0x20 build/decoder/STM32F30x_decoder.o
                0x000000000800c888                Flash_ACR_fields
 .rodata.TIM17_CCMR1_Output_fields
                0x000000000800c8a8       0x30 build/decoder/STM32F30x_decoder.o
                0x000000000800c8a8                TIM17_CCMR1_Output_fields
 .rodata.TIM2_ARR_fields
                0x000000000800c8d8       0x18 build/decoder/STM32F30x_decoder.o
                0x000000000800c8d8                TIM2_ARR_fields
 .rodata.Flash_registers
                0x000000000800c8f0       0x6c build/decoder/STM32F30x_decoder.o
                0x000000000800c8f0                Flash_registers
 .rodata.CAN_TDH0R_fields
                0x000000000800c95c       0x28 build/decoder/STM32F30x_decoder.o
                0x000000000800c95c                CAN_TDH0R_fields
 .rodata.TIM1_DCR_fields
                0x000000000800c984       0x18 build/decoder/STM32F30x_decoder.o
                0x000000000800c984                TIM1_DCR_fields
 .rodata.CAN_TI2R_fields
                0x000000000800c99c       0x30 build/decoder/STM32F30x_decoder.o
                0x000000000800c99c                CAN_TI2R_fields
 .rodata.ADC1_IER_fields
                0x000000000800c9cc       0x60 build/decoder/STM32F30x_decoder.o
                0x000000000800c9cc                ADC1_IER_fields
 .rodata.NVIC_ICPR2_fields
                0x000000000800ca2c       0x10 build/decoder/STM32F30x_decoder.o
                0x000000000800ca2c                NVIC_ICPR2_fields
 .rodata.EXTI_IMR1_fields
                0x000000000800ca3c      0x108 build/decoder/STM32F30x_decoder.o
                0x000000000800ca3c                EXTI_IMR1_fields
 .rodata.TSC_IOASCR_fields
                0x000000000800cb44      0x108 build/decoder/STM32F30x_decoder.o
                0x000000000800cb44                TSC_IOASCR_fields
 .rodata.RCC_CFGR2_fields
                0x000000000800cc4c       0x20 build/decoder/STM32F30x_decoder.o
                0x000000000800cc4c                RCC_CFGR2_fields
 .rodata.TIM1_PSC_fields
                0x000000000800cc6c       0x10 build/decoder/STM32F30x_decoder.o
                0x000000000800cc6c                TIM1_PSC_fields
 .rodata.Flash_KEYR_fields
                0x000000000800cc7c       0x10 build/decoder/STM32F30x_decoder.o
                0x000000000800cc7c                Flash_KEYR_fields
 .rodata.TIM8_CR2_fields
                0x000000000800cc8c       0x80 build/decoder/STM32F30x_decoder.o
                0x000000000800cc8c                TIM8_CR2_fields
 .rodata.ADC1_CFGR_fields
                0x000000000800cd0c       0xa0 build/decoder/STM32F30x_decoder.o
                0x000000000800cd0c                ADC1_CFGR_fields
 .rodata.TIM17_EGR_fields
                0x000000000800cdac       0x30 build/decoder/STM32F30x_decoder.o
                0x000000000800cdac                TIM17_EGR_fields
 .rodata.TSC_IOGCSR_fields
                0x000000000800cddc       0x88 build/decoder/STM32F30x_decoder.o
                0x000000000800cddc                TSC_IOGCSR_fields
 .rodata.NVIC_IPR0_fields
                0x000000000800ce64       0x28 build/decoder/STM32F30x_decoder.o
                0x000000000800ce64                NVIC_IPR0_fields
 .rodata.NVIC_IPR8_fields
                0x000000000800ce8c       0x28 build/decoder/STM32F30x_decoder.o
                0x000000000800ce8c                NVIC_IPR8_fields
 .rodata.RTC_WUTR_fields
                0x000000000800ceb4       0x10 build/decoder/STM32F30x_decoder.o
                0x000000000800ceb4                RTC_WUTR_fields
 .rodata.GPIOB_OSPEEDR_fields
                0x000000000800cec4       0x88 build/decoder/STM32F30x_decoder.o
                0x000000000800cec4                GPIOB_OSPEEDR_fields
 .rodata.ADC1_ISR_fields
                0x000000000800cf4c       0x60 build/decoder/STM32F30x_decoder.o
                0x000000000800cf4c                ADC1_ISR_fields
 .rodata.NVIC_ICER1_fields
                0x000000000800cfac       0x10 build/decoder/STM32F30x_decoder.o
                0x000000000800cfac                NVIC_ICER1_fields
 .rodata.RTC_BKP7R_fields
                0x000000000800cfbc       0x10 build/decoder/STM32F30x_decoder.o
                0x000000000800cfbc                RTC_BKP7R_fields
 .rodata.CAN_RF0R_fields
                0x000000000800cfcc       0x28 build/decoder/STM32F30x_decoder.o
                0x000000000800cfcc                CAN_RF0R_fields
 .rodata.CAN_FS1R_fields
                0x000000000800cff4       0xe8 build/decoder/STM32F30x_decoder.o
                0x000000000800cff4                CAN_FS1R_fields
 .rodata.GPIOA_AFRL_fields
                0x000000000800d0dc       0x48 build/decoder/STM32F30x_decoder.o
                0x000000000800d0dc                GPIOA_AFRL_fields
 .rodata.DMA1_CMAR3_fields
                0x000000000800d124       0x10 build/decoder/STM32F30x_decoder.o
                0x000000000800d124                DMA1_CMAR3_fields
 .rodata.ADC1_SQR1_fields
                0x000000000800d134       0x30 build/decoder/STM32F30x_decoder.o
                0x000000000800d134                ADC1_SQR1_fields
 .rodata.CAN_F15R2_fields
                0x000000000800d164      0x108 build/decoder/STM32F30x_decoder.o
                0x000000000800d164                CAN_F15R2_fields
 .rodata.IWDG_PR_fields
                0x000000000800d26c       0x10 build/decoder/STM32F30x_decoder.o
                0x000000000800d26c                IWDG_PR_fields
 .rodata.TIM2_DMAR_fields
                0x000000000800d27c       0x10 build/decoder/STM32F30x_decoder.o
                0x000000000800d27c                TIM2_DMAR_fields
 .rodata.I2C1_TIMEOUTR_fields
                0x000000000800d28c       0x30 build/decoder/STM32F30x_decoder.o
                0x000000000800d28c                I2C1_TIMEOUTR_fields
 .rodata.GPIOB_LCKR_fields
                0x000000000800d2bc       0x90 build/decoder/STM32F30x_decoder.o
                0x000000000800d2bc                GPIOB_LCKR_fields
 .rodata.DAC_DHR8R1_fields
                0x000000000800d34c       0x10 build/decoder/STM32F30x_decoder.o
                0x000000000800d34c                DAC_DHR8R1_fields
 .rodata.TIM1_CCMR1_Output_fields
                0x000000000800d35c       0x68 build/decoder/STM32F30x_decoder.o
                0x000000000800d35c                TIM1_CCMR1_Output_fields
 .rodata.TIM1_CCR2_fields
                0x000000000800d3c4       0x10 build/decoder/STM32F30x_decoder.o
                0x000000000800d3c4                TIM1_CCR2_fields
 .rodata.TIM1_OR_fields
                0x000000000800d3d4       0x18 build/decoder/STM32F30x_decoder.o
                0x000000000800d3d4                TIM1_OR_fields
 .rodata.USART1_TDR_fields
                0x000000000800d3ec       0x10 build/decoder/STM32F30x_decoder.o
                0x000000000800d3ec                USART1_TDR_fields
 .rodata.NVIC_STIR_fields
                0x000000000800d3fc       0x10 build/decoder/STM32F30x_decoder.o
                0x000000000800d3fc                NVIC_STIR_fields
 .rodata.USB_FS_USB_EP7R_fields
                0x000000000800d40c       0x58 build/decoder/STM32F30x_decoder.o
                0x000000000800d40c                USB_FS_USB_EP7R_fields
 .rodata.ADC1_SQR4_fields
                0x000000000800d464       0x18 build/decoder/STM32F30x_decoder.o
                0x000000000800d464                ADC1_SQR4_fields
 .rodata.SYSCFG_registers
                0x000000000800d47c       0x60 build/decoder/STM32F30x_decoder.o
                0x000000000800d47c                SYSCFG_registers
 .rodata.PWR_CSR_fields
                0x000000000800d4dc       0x30 build/decoder/STM32F30x_decoder.o
                0x000000000800d4dc                PWR_CSR_fields
 .rodata.GPIOB_AFRH_fields
                0x000000000800d50c       0x48 build/decoder/STM32F30x_decoder.o
                0x000000000800d50c                GPIOB_AFRH_fields
 .rodata.FPU_FPCCR_fields
                0x000000000800d554       0x50 build/decoder/STM32F30x_decoder.o
                0x000000000800d554                FPU_FPCCR_fields
 .rodata.DBGMCU_APB2FZ_fields
                0x000000000800d5a4       0x28 build/decoder/STM32F30x_decoder.o
                0x000000000800d5a4                DBGMCU_APB2FZ_fields
 .rodata.TIM8_CCR1_fields
                0x000000000800d5cc       0x10 build/decoder/STM32F30x_decoder.o
                0x000000000800d5cc                TIM8_CCR1_fields
 .rodata.WWDG_SR_fields
                0x000000000800d5dc       0x10 build/decoder/STM32F30x_decoder.o
                0x000000000800d5dc                WWDG_SR_fields
 .rodata.TIM16_DIER_fields
                0x000000000800d5ec       0x50 build/decoder/STM32F30x_decoder.o
                0x000000000800d5ec                TIM16_DIER_fields
 .rodata.TIM1_CCR5_fields
                0x000000000800d63c       0x28 build/decoder/STM32F30x_decoder.o
                0x000000000800d63c                TIM1_CCR5_fields
 .rodata.TIM8_BDTR_fields
                0x000000000800d664       0x68 build/decoder/STM32F30x_decoder.o
                0x000000000800d664                TIM8_BDTR_fields
 .rodata.Flash_CR_fields
                0x000000000800d6cc       0x60 build/decoder/STM32F30x_decoder.o
                0x000000000800d6cc                Flash_CR_fields
 .rodata.RTC_BKP26R_fields
                0x000000000800d72c       0x10 build/decoder/STM32F30x_decoder.o
                0x000000000800d72c                RTC_BKP26R_fields
 .rodata.Flash_OBR_fields
                0x000000000800d73c       0x60 build/decoder/STM32F30x_decoder.o
                0x000000000800d73c                Flash_OBR_fields
 .rodata.ADC1_AWD2CR_fields
                0x000000000800d79c       0x10 build/decoder/STM32F30x_decoder.o
                0x000000000800d79c                ADC1_AWD2CR_fields
 .rodata.FPU_registers
                0x000000000800d7ac       0x54 build/decoder/STM32F30x_decoder.o
                0x000000000800d7ac                FPU_registers
 .rodata.DAC_CR_fields
                0x000000000800d800       0x88 build/decoder/STM32F30x_decoder.o
                0x000000000800d800                DAC_CR_fields
 .rodata.NVIC_IPR10_fields
                0x000000000800d888       0x28 build/decoder/STM32F30x_decoder.o
                0x000000000800d888                NVIC_IPR10_fields
 .rodata.TIM15_CCR1_fields
                0x000000000800d8b0       0x10 build/decoder/STM32F30x_decoder.o
                0x000000000800d8b0                TIM15_CCR1_fields
 .rodata.RTC_ALRMAR_fields
                0x000000000800d8c0       0x78 build/decoder/STM32F30x_decoder.o
                0x000000000800d8c0                RTC_ALRMAR_fields
 .rodata.GPIOA_BSRR_fields
                0x000000000800d938      0x108 build/decoder/STM32F30x_decoder.o
                0x000000000800d938                GPIOA_BSRR_fields
 .rodata.TIM16_SR_fields
                0x000000000800da40       0x38 build/decoder/STM32F30x_decoder.o
                0x000000000800da40                TIM16_SR_fields
 .rodata.CAN_F6R1_fields
                0x000000000800da78      0x108 build/decoder/STM32F30x_decoder.o
                0x000000000800da78                CAN_F6R1_fields
 .rodata.ADC1_OFR1_fields
                0x000000000800db80       0x20 build/decoder/STM32F30x_decoder.o
                0x000000000800db80                ADC1_OFR1_fields
 .rodata.TIM15_CR1_fields
                0x000000000800dba0       0x40 build/decoder/STM32F30x_decoder.o
                0x000000000800dba0                TIM15_CR1_fields
 .rodata.NVIC_IABR2_fields
                0x000000000800dbe0       0x10 build/decoder/STM32F30x_decoder.o
                0x000000000800dbe0                NVIC_IABR2_fields
 .rodata.DMA1_CCR2_fields
                0x000000000800dbf0       0x68 build/decoder/STM32F30x_decoder.o
                0x000000000800dbf0                DMA1_CCR2_fields
 .rodata.NVIC_IPR13_fields
                0x000000000800dc58       0x28 build/decoder/STM32F30x_decoder.o
                0x000000000800dc58                NVIC_IPR13_fields
 .rodata.CAN_F22R2_fields
                0x000000000800dc80      0x108 build/decoder/STM32F30x_decoder.o
                0x000000000800dc80                CAN_F22R2_fields
 .rodata.CAN_F0R2_fields
                0x000000000800dd88      0x108 build/decoder/STM32F30x_decoder.o
                0x000000000800dd88                CAN_F0R2_fields
 .rodata.RTC_BKP0R_fields
                0x000000000800de90       0x10 build/decoder/STM32F30x_decoder.o
                0x000000000800de90                RTC_BKP0R_fields
 .rodata.CAN_F19R1_fields
                0x000000000800dea0      0x108 build/decoder/STM32F30x_decoder.o
                0x000000000800dea0                CAN_F19R1_fields
 .rodata.DMA1_IFCR_fields
                0x000000000800dfa8       0xe8 build/decoder/STM32F30x_decoder.o
                0x000000000800dfa8                DMA1_IFCR_fields
 .rodata.TIM16_CCMR1_Input_fields
                0x000000000800e090       0x20 build/decoder/STM32F30x_decoder.o
                0x000000000800e090                TIM16_CCMR1_Input_fields
 .rodata.TIM2_SMCR_fields
                0x000000000800e0b0       0x50 build/decoder/STM32F30x_decoder.o
                0x000000000800e0b0                TIM2_SMCR_fields
 .rodata.CAN_TDT1R_fields
                0x000000000800e100       0x20 build/decoder/STM32F30x_decoder.o
                0x000000000800e100                CAN_TDT1R_fields
 .rodata.COMP_COMP6_CSR_fields
                0x000000000800e120       0x60 build/decoder/STM32F30x_decoder.o
                0x000000000800e120                COMP_COMP6_CSR_fields
 .rodata.I2C1_CR2_fields
                0x000000000800e180       0x70 build/decoder/STM32F30x_decoder.o
                0x000000000800e180                I2C1_CR2_fields
 .rodata.TIM1_CR1_fields
                0x000000000800e1f0       0x50 build/decoder/STM32F30x_decoder.o
                0x000000000800e1f0                TIM1_CR1_fields
 .rodata.CAN_F26R2_fields
                0x000000000800e240      0x108 build/decoder/STM32F30x_decoder.o
                0x000000000800e240                CAN_F26R2_fields
 .rodata.RTC_BKP10R_fields
                0x000000000800e348       0x10 build/decoder/STM32F30x_decoder.o
                0x000000000800e348                RTC_BKP10R_fields
 .rodata.DMA1_CMAR6_fields
                0x000000000800e358       0x10 build/decoder/STM32F30x_decoder.o
                0x000000000800e358                DMA1_CMAR6_fields
 .rodata.CAN_F23R1_fields
                0x000000000800e368      0x108 build/decoder/STM32F30x_decoder.o
                0x000000000800e368                CAN_F23R1_fields
 .rodata.NVIC_IPR20_fields
                0x000000000800e470       0x28 build/decoder/STM32F30x_decoder.o
                0x000000000800e470                NVIC_IPR20_fields
 .rodata.ADC1_DR_fields
                0x000000000800e498       0x10 build/decoder/STM32F30x_decoder.o
                0x000000000800e498                ADC1_DR_fields
 .rodata.CAN_F16R1_fields
                0x000000000800e4a8      0x108 build/decoder/STM32F30x_decoder.o
                0x000000000800e4a8                CAN_F16R1_fields
 .rodata.TSC_registers
                0x000000000800e5b0       0xd8 build/decoder/STM32F30x_decoder.o
                0x000000000800e5b0                TSC_registers
 .rodata.ADC1_registers